; ModuleID = 'Module'
source_filename = "Module"
target triple = "aarch64-unknown-linux-gnu"

%i32arr_Vtable_type = type { %Object_Vtable_type*, i8*, void (%Object*)*, void (%Object*)*, void (%i32arr*)*, void (%i32arr*, %i32arr_Vtable_type*, i32*, i32)* }
%Object_Vtable_type = type { %Object_Vtable_type*, i8*, void (%Object*)*, void (%Object*)* }
%Object = type { %Object_Vtable_type* }
%i32arr = type { %i32arr_Vtable_type*, i32*, i32 }
%i32arrarr_Vtable_type = type { %Object_Vtable_type*, i8*, void (%Object*)*, void (%Object*)*, void (%i32arrarr*)*, void (%i32arrarr*, %i32arrarr_Vtable_type*, %i32arr*, i32)* }
%i32arrarr = type { %i32arrarr_Vtable_type*, %i32arr*, i32 }
%i32arrarrarr_Vtable_type = type { %Object_Vtable_type*, i8*, void (%Object*)*, void (%Object*)*, void (%i32arrarrarr*)*, void (%i32arrarrarr*, %i32arrarrarr_Vtable_type*, %i32arrarr*, i32)* }
%i32arrarrarr = type { %i32arrarrarr_Vtable_type*, %i32arrarr*, i32 }
%Objectarr_Vtable_type = type { %Object_Vtable_type*, i8*, void (%Object*)*, void (%Object*)*, void (%Objectarr*)*, void (%Objectarr*, %Objectarr_Vtable_type*, %Object**, i32)* }
%Objectarr = type { %Objectarr_Vtable_type*, %Object**, i32 }

@printIntFormat = private constant [4 x i8] c"%d\0A\00", align 1
@castErrFormat = private constant [52 x i8] c"Line no: %d | Narrow cast err: %s is not a type %s\0A\00", align 1
@outOfBoundsFormat = private constant [72 x i8] c"Line: %d | Array out of bounds exception at line. Index:%d | Length:%d\0A\00", align 1
@negativeLenFormat = private constant [62 x i8] c"Line: %d | Array len cannot be negative. Length attempted:%d\0A\00", align 1
@nullDerefFormat = private constant [29 x i8] c"Line: %d | Null dereference\0A\00", align 1
@divByZeroFormat = private constant [37 x i8] c"Line: %d | Divide by zero exception\0A\00", align 1
@i32arr_class_name = private constant [7 x i8] c"i32arr\00", align 1
@i32arr_Vtable = global %i32arr_Vtable_type { %Object_Vtable_type* null, i8* getelementptr inbounds ([7 x i8], [7 x i8]* @i32arr_class_name, i32 0, i32 0), void (%Object*)* @"~Object_Object", void (%Object*)* @Object_Object, void (%i32arr*)* @"~i32arr_i32arr", void (%i32arr*, %i32arr_Vtable_type*, i32*, i32)* @i32arr_Constructor }
@i32arrarr_class_name = private constant [10 x i8] c"i32arrarr\00", align 1
@i32arrarr_Vtable = global %i32arrarr_Vtable_type { %Object_Vtable_type* null, i8* getelementptr inbounds ([10 x i8], [10 x i8]* @i32arrarr_class_name, i32 0, i32 0), void (%Object*)* @"~Object_Object", void (%Object*)* @Object_Object, void (%i32arrarr*)* @"~i32arrarr_i32arrarr", void (%i32arrarr*, %i32arrarr_Vtable_type*, %i32arr*, i32)* @i32arrarr_Constructor }
@i32arrarrarr_class_name = private constant [13 x i8] c"i32arrarrarr\00", align 1
@i32arrarrarr_Vtable = global %i32arrarrarr_Vtable_type { %Object_Vtable_type* null, i8* getelementptr inbounds ([13 x i8], [13 x i8]* @i32arrarrarr_class_name, i32 0, i32 0), void (%Object*)* @"~Object_Object", void (%Object*)* @Object_Object, void (%i32arrarrarr*)* @"~i32arrarrarr_i32arrarrarr", void (%i32arrarrarr*, %i32arrarrarr_Vtable_type*, %i32arrarr*, i32)* @i32arrarrarr_Constructor }
@Objectarr_class_name = private constant [10 x i8] c"Objectarr\00", align 1
@Objectarr_Vtable = global %Objectarr_Vtable_type { %Object_Vtable_type* null, i8* getelementptr inbounds ([10 x i8], [10 x i8]* @Objectarr_class_name, i32 0, i32 0), void (%Object*)* @"~Object_Object", void (%Object*)* @Object_Object, void (%Objectarr*)* @"~Objectarr_Objectarr", void (%Objectarr*, %Objectarr_Vtable_type*, %Object**, i32)* @Objectarr_Constructor }
@Object_class_name = private constant [7 x i8] c"Object\00", align 1
@Object_Vtable = global %Object_Vtable_type { %Object_Vtable_type* null, i8* getelementptr inbounds ([7 x i8], [7 x i8]* @Object_class_name, i32 0, i32 0), void (%Object*)* @"~Object_Object", void (%Object*)* @Object_Object }

declare i32 @printf(i8*, ...)

declare i8* @malloc(i32)

declare i8* @calloc(i32, i32)

declare void @free(i8*)

declare void @exit(i32)

define i1 @Object_IsA(%Object* %0, %Object_Vtable_type* %1, i8* %2) {
entry:
  %object = alloca %Object*, align 8
  store %Object* %0, %Object** %object, align 8
  %vtbl = alloca %Object_Vtable_type*, align 8
  store %Object_Vtable_type* %1, %Object_Vtable_type** %vtbl, align 8
  %name = alloca i8*, align 8
  store i8* %2, i8** %name, align 8
  %3 = load %Object*, %Object** %object, align 8
  %4 = ptrtoint %Object* %3 to i64
  %equal = icmp eq i64 %4, 0
  %not = xor i1 %equal, true
  br i1 %not, label %then, label %else12

then:                                             ; preds = %entry
  %5 = load %Object*, %Object** %object, align 8
  %6 = icmp eq %Object* %5, null
  br i1 %6, label %nullDerefThen1, label %nullDerefElse

nullDerefThen1:                                   ; preds = %then
  %7 = call i32 (i8*, ...) @printf(i8* getelementptr inbounds ([29 x i8], [29 x i8]* @nullDerefFormat, i32 0, i32 0), i32 0)
  call void @exit(i32 -1)
  br label %nullDerefElse

nullDerefElse:                                    ; preds = %nullDerefThen1, %then
  %8 = getelementptr inbounds %Object, %Object* %5, i32 0, i32 0
  %9 = load %Object_Vtable_type*, %Object_Vtable_type** %8, align 8
  store %Object_Vtable_type* %9, %Object_Vtable_type** %vtbl, align 8
  br label %loopcond

loopcond:                                         ; preds = %ifcont, %nullDerefElse
  %10 = load %Object_Vtable_type*, %Object_Vtable_type** %vtbl, align 8
  %11 = ptrtoint %Object_Vtable_type* %10 to i64
  %equal2 = icmp eq i64 %11, 0
  %not3 = xor i1 %equal2, true
  br i1 %not3, label %loop, label %loopend

loop:                                             ; preds = %loopcond
  %12 = load %Object_Vtable_type*, %Object_Vtable_type** %vtbl, align 8
  %13 = icmp eq %Object_Vtable_type* %12, null
  br i1 %13, label %nullDerefThen4, label %nullDerefElse5

nullDerefThen4:                                   ; preds = %loop
  %14 = call i32 (i8*, ...) @printf(i8* getelementptr inbounds ([29 x i8], [29 x i8]* @nullDerefFormat, i32 0, i32 0), i32 0)
  call void @exit(i32 -1)
  br label %nullDerefElse5

nullDerefElse5:                                   ; preds = %nullDerefThen4, %loop
  %15 = getelementptr inbounds %Object_Vtable_type, %Object_Vtable_type* %12, i32 0, i32 1
  %16 = load i8*, i8** %15, align 8
  %17 = load i8*, i8** %name, align 8
  %18 = ptrtoint i8* %16 to i64
  %19 = ptrtoint i8* %17 to i64
  %equal6 = icmp eq i64 %18, %19
  br i1 %equal6, label %then7, label %else

then7:                                            ; preds = %nullDerefElse5
  br label %loopend

else:                                             ; preds = %nullDerefElse5
  %20 = load %Object_Vtable_type*, %Object_Vtable_type** %vtbl, align 8
  %21 = icmp eq %Object_Vtable_type* %20, null
  br i1 %21, label %nullDerefThen8, label %nullDerefElse9

nullDerefThen8:                                   ; preds = %else
  %22 = call i32 (i8*, ...) @printf(i8* getelementptr inbounds ([29 x i8], [29 x i8]* @nullDerefFormat, i32 0, i32 0), i32 0)
  call void @exit(i32 -1)
  br label %nullDerefElse9

nullDerefElse9:                                   ; preds = %nullDerefThen8, %else
  %23 = getelementptr inbounds %Object_Vtable_type, %Object_Vtable_type* %20, i32 0, i32 0
  %24 = load %Object_Vtable_type*, %Object_Vtable_type** %23, align 8
  store %Object_Vtable_type* %24, %Object_Vtable_type** %vtbl, align 8
  br label %ifcont

ifcont:                                           ; preds = %nullDerefElse9
  br label %loopcond

loopend:                                          ; preds = %then7, %loopcond
  %25 = load %Object_Vtable_type*, %Object_Vtable_type** %vtbl, align 8
  %26 = ptrtoint %Object_Vtable_type* %25 to i64
  %equal10 = icmp eq i64 %26, 0
  %not11 = xor i1 %equal10, true
  br label %ifcont13

else12:                                           ; preds = %entry
  br label %ifcont13

ifcont13:                                         ; preds = %else12, %loopend
  %iftmp = phi i1 [ %not11, %loopend ], [ false, %else12 ]
  ret i1 %iftmp
}

define void @i32arr_Constructor(%i32arr* %0, %i32arr_Vtable_type* %1, i32* %2, i32 %3) {
entry:
  %this = alloca %i32arr*, align 8
  %super = alloca %i32arr*, align 8
  store %i32arr* %0, %i32arr** %super, align 8
  store %i32arr* %0, %i32arr** %this, align 8
  %vtable = alloca %i32arr_Vtable_type*, align 8
  store %i32arr_Vtable_type* %1, %i32arr_Vtable_type** %vtable, align 8
  %data = alloca i32*, align 8
  store i32* %2, i32** %data, align 8
  %length = alloca i32, align 4
  store i32 %3, i32* %length, align 4
  %4 = load %i32arr_Vtable_type*, %i32arr_Vtable_type** %vtable, align 8
  %5 = load %i32arr*, %i32arr** %this, align 8
  %6 = icmp eq %i32arr* %5, null
  br i1 %6, label %nullDerefThen1, label %nullDerefElse

nullDerefThen1:                                   ; preds = %entry
  %7 = call i32 (i8*, ...) @printf(i8* getelementptr inbounds ([29 x i8], [29 x i8]* @nullDerefFormat, i32 0, i32 0), i32 0)
  call void @exit(i32 -1)
  br label %nullDerefElse

nullDerefElse:                                    ; preds = %nullDerefThen1, %entry
  %8 = getelementptr inbounds %i32arr, %i32arr* %5, i32 0, i32 0
  store %i32arr_Vtable_type* %4, %i32arr_Vtable_type** %8, align 8
  %9 = load i32*, i32** %data, align 8
  %10 = load %i32arr*, %i32arr** %this, align 8
  %11 = icmp eq %i32arr* %10, null
  br i1 %11, label %nullDerefThen2, label %nullDerefElse3

nullDerefThen2:                                   ; preds = %nullDerefElse
  %12 = call i32 (i8*, ...) @printf(i8* getelementptr inbounds ([29 x i8], [29 x i8]* @nullDerefFormat, i32 0, i32 0), i32 0)
  call void @exit(i32 -1)
  br label %nullDerefElse3

nullDerefElse3:                                   ; preds = %nullDerefThen2, %nullDerefElse
  %13 = getelementptr inbounds %i32arr, %i32arr* %10, i32 0, i32 1
  store i32* %9, i32** %13, align 8
  %14 = load i32, i32* %length, align 4
  %15 = load %i32arr*, %i32arr** %this, align 8
  %16 = icmp eq %i32arr* %15, null
  br i1 %16, label %nullDerefThen4, label %nullDerefElse5

nullDerefThen4:                                   ; preds = %nullDerefElse3
  %17 = call i32 (i8*, ...) @printf(i8* getelementptr inbounds ([29 x i8], [29 x i8]* @nullDerefFormat, i32 0, i32 0), i32 0)
  call void @exit(i32 -1)
  br label %nullDerefElse5

nullDerefElse5:                                   ; preds = %nullDerefThen4, %nullDerefElse3
  %18 = getelementptr inbounds %i32arr, %i32arr* %15, i32 0, i32 2
  store i32 %14, i32* %18, align 4
  ret void
}

define void @"~i32arr_i32arr"(%i32arr* %0) {
entry:
  %this = alloca %i32arr*, align 8
  %super = alloca %i32arr*, align 8
  store %i32arr* %0, %i32arr** %super, align 8
  store %i32arr* %0, %i32arr** %this, align 8
  %1 = load %i32arr*, %i32arr** %this, align 8
  %2 = icmp eq %i32arr* %1, null
  br i1 %2, label %nullDerefThen1, label %nullDerefElse

nullDerefThen1:                                   ; preds = %entry
  %3 = call i32 (i8*, ...) @printf(i8* getelementptr inbounds ([29 x i8], [29 x i8]* @nullDerefFormat, i32 0, i32 0), i32 0)
  call void @exit(i32 -1)
  br label %nullDerefElse

nullDerefElse:                                    ; preds = %nullDerefThen1, %entry
  %4 = getelementptr inbounds %i32arr, %i32arr* %1, i32 0, i32 1
  %5 = load i32*, i32** %4, align 8
  %6 = bitcast i32* %5 to i8*
  call void @free(i8* %6)
  ret void
}

define void @i32arrarr_Constructor(%i32arrarr* %0, %i32arrarr_Vtable_type* %1, %i32arr* %2, i32 %3) {
entry:
  %this = alloca %i32arrarr*, align 8
  %super = alloca %i32arrarr*, align 8
  store %i32arrarr* %0, %i32arrarr** %super, align 8
  store %i32arrarr* %0, %i32arrarr** %this, align 8
  %vtable = alloca %i32arrarr_Vtable_type*, align 8
  store %i32arrarr_Vtable_type* %1, %i32arrarr_Vtable_type** %vtable, align 8
  %data = alloca %i32arr*, align 8
  store %i32arr* %2, %i32arr** %data, align 8
  %length = alloca i32, align 4
  store i32 %3, i32* %length, align 4
  %4 = load %i32arrarr_Vtable_type*, %i32arrarr_Vtable_type** %vtable, align 8
  %5 = load %i32arrarr*, %i32arrarr** %this, align 8
  %6 = icmp eq %i32arrarr* %5, null
  br i1 %6, label %nullDerefThen1, label %nullDerefElse

nullDerefThen1:                                   ; preds = %entry
  %7 = call i32 (i8*, ...) @printf(i8* getelementptr inbounds ([29 x i8], [29 x i8]* @nullDerefFormat, i32 0, i32 0), i32 0)
  call void @exit(i32 -1)
  br label %nullDerefElse

nullDerefElse:                                    ; preds = %nullDerefThen1, %entry
  %8 = getelementptr inbounds %i32arrarr, %i32arrarr* %5, i32 0, i32 0
  store %i32arrarr_Vtable_type* %4, %i32arrarr_Vtable_type** %8, align 8
  %9 = load %i32arr*, %i32arr** %data, align 8
  %10 = load %i32arrarr*, %i32arrarr** %this, align 8
  %11 = icmp eq %i32arrarr* %10, null
  br i1 %11, label %nullDerefThen2, label %nullDerefElse3

nullDerefThen2:                                   ; preds = %nullDerefElse
  %12 = call i32 (i8*, ...) @printf(i8* getelementptr inbounds ([29 x i8], [29 x i8]* @nullDerefFormat, i32 0, i32 0), i32 0)
  call void @exit(i32 -1)
  br label %nullDerefElse3

nullDerefElse3:                                   ; preds = %nullDerefThen2, %nullDerefElse
  %13 = getelementptr inbounds %i32arrarr, %i32arrarr* %10, i32 0, i32 1
  store %i32arr* %9, %i32arr** %13, align 8
  %14 = load i32, i32* %length, align 4
  %15 = load %i32arrarr*, %i32arrarr** %this, align 8
  %16 = icmp eq %i32arrarr* %15, null
  br i1 %16, label %nullDerefThen4, label %nullDerefElse5

nullDerefThen4:                                   ; preds = %nullDerefElse3
  %17 = call i32 (i8*, ...) @printf(i8* getelementptr inbounds ([29 x i8], [29 x i8]* @nullDerefFormat, i32 0, i32 0), i32 0)
  call void @exit(i32 -1)
  br label %nullDerefElse5

nullDerefElse5:                                   ; preds = %nullDerefThen4, %nullDerefElse3
  %18 = getelementptr inbounds %i32arrarr, %i32arrarr* %15, i32 0, i32 2
  store i32 %14, i32* %18, align 4
  ret void
}

define void @"~i32arrarr_i32arrarr"(%i32arrarr* %0) {
entry:
  %this = alloca %i32arrarr*, align 8
  %super = alloca %i32arrarr*, align 8
  store %i32arrarr* %0, %i32arrarr** %super, align 8
  store %i32arrarr* %0, %i32arrarr** %this, align 8
  %1 = load %i32arrarr*, %i32arrarr** %this, align 8
  %2 = icmp eq %i32arrarr* %1, null
  br i1 %2, label %nullDerefThen1, label %nullDerefElse

nullDerefThen1:                                   ; preds = %entry
  %3 = call i32 (i8*, ...) @printf(i8* getelementptr inbounds ([29 x i8], [29 x i8]* @nullDerefFormat, i32 0, i32 0), i32 0)
  call void @exit(i32 -1)
  br label %nullDerefElse

nullDerefElse:                                    ; preds = %nullDerefThen1, %entry
  %4 = getelementptr inbounds %i32arrarr, %i32arrarr* %1, i32 0, i32 1
  %5 = load %i32arr*, %i32arr** %4, align 8
  %6 = bitcast %i32arr* %5 to i8*
  call void @free(i8* %6)
  ret void
}

define void @i32arrarrarr_Constructor(%i32arrarrarr* %0, %i32arrarrarr_Vtable_type* %1, %i32arrarr* %2, i32 %3) {
entry:
  %this = alloca %i32arrarrarr*, align 8
  %super = alloca %i32arrarrarr*, align 8
  store %i32arrarrarr* %0, %i32arrarrarr** %super, align 8
  store %i32arrarrarr* %0, %i32arrarrarr** %this, align 8
  %vtable = alloca %i32arrarrarr_Vtable_type*, align 8
  store %i32arrarrarr_Vtable_type* %1, %i32arrarrarr_Vtable_type** %vtable, align 8
  %data = alloca %i32arrarr*, align 8
  store %i32arrarr* %2, %i32arrarr** %data, align 8
  %length = alloca i32, align 4
  store i32 %3, i32* %length, align 4
  %4 = load %i32arrarrarr_Vtable_type*, %i32arrarrarr_Vtable_type** %vtable, align 8
  %5 = load %i32arrarrarr*, %i32arrarrarr** %this, align 8
  %6 = icmp eq %i32arrarrarr* %5, null
  br i1 %6, label %nullDerefThen1, label %nullDerefElse

nullDerefThen1:                                   ; preds = %entry
  %7 = call i32 (i8*, ...) @printf(i8* getelementptr inbounds ([29 x i8], [29 x i8]* @nullDerefFormat, i32 0, i32 0), i32 0)
  call void @exit(i32 -1)
  br label %nullDerefElse

nullDerefElse:                                    ; preds = %nullDerefThen1, %entry
  %8 = getelementptr inbounds %i32arrarrarr, %i32arrarrarr* %5, i32 0, i32 0
  store %i32arrarrarr_Vtable_type* %4, %i32arrarrarr_Vtable_type** %8, align 8
  %9 = load %i32arrarr*, %i32arrarr** %data, align 8
  %10 = load %i32arrarrarr*, %i32arrarrarr** %this, align 8
  %11 = icmp eq %i32arrarrarr* %10, null
  br i1 %11, label %nullDerefThen2, label %nullDerefElse3

nullDerefThen2:                                   ; preds = %nullDerefElse
  %12 = call i32 (i8*, ...) @printf(i8* getelementptr inbounds ([29 x i8], [29 x i8]* @nullDerefFormat, i32 0, i32 0), i32 0)
  call void @exit(i32 -1)
  br label %nullDerefElse3

nullDerefElse3:                                   ; preds = %nullDerefThen2, %nullDerefElse
  %13 = getelementptr inbounds %i32arrarrarr, %i32arrarrarr* %10, i32 0, i32 1
  store %i32arrarr* %9, %i32arrarr** %13, align 8
  %14 = load i32, i32* %length, align 4
  %15 = load %i32arrarrarr*, %i32arrarrarr** %this, align 8
  %16 = icmp eq %i32arrarrarr* %15, null
  br i1 %16, label %nullDerefThen4, label %nullDerefElse5

nullDerefThen4:                                   ; preds = %nullDerefElse3
  %17 = call i32 (i8*, ...) @printf(i8* getelementptr inbounds ([29 x i8], [29 x i8]* @nullDerefFormat, i32 0, i32 0), i32 0)
  call void @exit(i32 -1)
  br label %nullDerefElse5

nullDerefElse5:                                   ; preds = %nullDerefThen4, %nullDerefElse3
  %18 = getelementptr inbounds %i32arrarrarr, %i32arrarrarr* %15, i32 0, i32 2
  store i32 %14, i32* %18, align 4
  ret void
}

define void @"~i32arrarrarr_i32arrarrarr"(%i32arrarrarr* %0) {
entry:
  %this = alloca %i32arrarrarr*, align 8
  %super = alloca %i32arrarrarr*, align 8
  store %i32arrarrarr* %0, %i32arrarrarr** %super, align 8
  store %i32arrarrarr* %0, %i32arrarrarr** %this, align 8
  %1 = load %i32arrarrarr*, %i32arrarrarr** %this, align 8
  %2 = icmp eq %i32arrarrarr* %1, null
  br i1 %2, label %nullDerefThen1, label %nullDerefElse

nullDerefThen1:                                   ; preds = %entry
  %3 = call i32 (i8*, ...) @printf(i8* getelementptr inbounds ([29 x i8], [29 x i8]* @nullDerefFormat, i32 0, i32 0), i32 0)
  call void @exit(i32 -1)
  br label %nullDerefElse

nullDerefElse:                                    ; preds = %nullDerefThen1, %entry
  %4 = getelementptr inbounds %i32arrarrarr, %i32arrarrarr* %1, i32 0, i32 1
  %5 = load %i32arrarr*, %i32arrarr** %4, align 8
  %6 = bitcast %i32arrarr* %5 to i8*
  call void @free(i8* %6)
  ret void
}

define void @Objectarr_Constructor(%Objectarr* %0, %Objectarr_Vtable_type* %1, %Object** %2, i32 %3) {
entry:
  %this = alloca %Objectarr*, align 8
  %super = alloca %Objectarr*, align 8
  store %Objectarr* %0, %Objectarr** %super, align 8
  store %Objectarr* %0, %Objectarr** %this, align 8
  %vtable = alloca %Objectarr_Vtable_type*, align 8
  store %Objectarr_Vtable_type* %1, %Objectarr_Vtable_type** %vtable, align 8
  %data = alloca %Object**, align 8
  store %Object** %2, %Object*** %data, align 8
  %length = alloca i32, align 4
  store i32 %3, i32* %length, align 4
  %4 = load %Objectarr_Vtable_type*, %Objectarr_Vtable_type** %vtable, align 8
  %5 = load %Objectarr*, %Objectarr** %this, align 8
  %6 = icmp eq %Objectarr* %5, null
  br i1 %6, label %nullDerefThen1, label %nullDerefElse

nullDerefThen1:                                   ; preds = %entry
  %7 = call i32 (i8*, ...) @printf(i8* getelementptr inbounds ([29 x i8], [29 x i8]* @nullDerefFormat, i32 0, i32 0), i32 0)
  call void @exit(i32 -1)
  br label %nullDerefElse

nullDerefElse:                                    ; preds = %nullDerefThen1, %entry
  %8 = getelementptr inbounds %Objectarr, %Objectarr* %5, i32 0, i32 0
  store %Objectarr_Vtable_type* %4, %Objectarr_Vtable_type** %8, align 8
  %9 = load %Object**, %Object*** %data, align 8
  %10 = load %Objectarr*, %Objectarr** %this, align 8
  %11 = icmp eq %Objectarr* %10, null
  br i1 %11, label %nullDerefThen2, label %nullDerefElse3

nullDerefThen2:                                   ; preds = %nullDerefElse
  %12 = call i32 (i8*, ...) @printf(i8* getelementptr inbounds ([29 x i8], [29 x i8]* @nullDerefFormat, i32 0, i32 0), i32 0)
  call void @exit(i32 -1)
  br label %nullDerefElse3

nullDerefElse3:                                   ; preds = %nullDerefThen2, %nullDerefElse
  %13 = getelementptr inbounds %Objectarr, %Objectarr* %10, i32 0, i32 1
  store %Object** %9, %Object*** %13, align 8
  %14 = load i32, i32* %length, align 4
  %15 = load %Objectarr*, %Objectarr** %this, align 8
  %16 = icmp eq %Objectarr* %15, null
  br i1 %16, label %nullDerefThen4, label %nullDerefElse5

nullDerefThen4:                                   ; preds = %nullDerefElse3
  %17 = call i32 (i8*, ...) @printf(i8* getelementptr inbounds ([29 x i8], [29 x i8]* @nullDerefFormat, i32 0, i32 0), i32 0)
  call void @exit(i32 -1)
  br label %nullDerefElse5

nullDerefElse5:                                   ; preds = %nullDerefThen4, %nullDerefElse3
  %18 = getelementptr inbounds %Objectarr, %Objectarr* %15, i32 0, i32 2
  store i32 %14, i32* %18, align 4
  ret void
}

define void @"~Objectarr_Objectarr"(%Objectarr* %0) {
entry:
  %this = alloca %Objectarr*, align 8
  %super = alloca %Objectarr*, align 8
  store %Objectarr* %0, %Objectarr** %super, align 8
  store %Objectarr* %0, %Objectarr** %this, align 8
  %1 = load %Objectarr*, %Objectarr** %this, align 8
  %2 = icmp eq %Objectarr* %1, null
  br i1 %2, label %nullDerefThen1, label %nullDerefElse

nullDerefThen1:                                   ; preds = %entry
  %3 = call i32 (i8*, ...) @printf(i8* getelementptr inbounds ([29 x i8], [29 x i8]* @nullDerefFormat, i32 0, i32 0), i32 0)
  call void @exit(i32 -1)
  br label %nullDerefElse

nullDerefElse:                                    ; preds = %nullDerefThen1, %entry
  %4 = getelementptr inbounds %Objectarr, %Objectarr* %1, i32 0, i32 1
  %5 = load %Object**, %Object*** %4, align 8
  %6 = bitcast %Object** %5 to i8*
  call void @free(i8* %6)
  ret void
}

define void @"~Object_Object"(%Object* %0) {
entry:
  %this = alloca %Object*, align 8
  %super = alloca %Object*, align 8
  store %Object* %0, %Object** %super, align 8
  store %Object* %0, %Object** %this, align 8
  ret void
}

define void @Object_Object(%Object* %0) {
entry:
  %this = alloca %Object*, align 8
  %super = alloca %Object*, align 8
  store %Object* %0, %Object** %super, align 8
  store %Object* %0, %Object** %this, align 8
  ret void
}

define i32 @main() {
entry:
  %j = alloca i32, align 4
  %i = alloca i32, align 4
  %o = alloca %Objectarr*, align 8
  %x3 = alloca %i32arrarrarr*, align 8
  %x2 = alloca %i32arrarr*, align 8
  store %i32arrarr* null, %i32arrarr** %x2, align 8
  store %i32arrarrarr* null, %i32arrarrarr** %x3, align 8
  store %Objectarr* null, %Objectarr** %o, align 8
  br i1 false, label %negativeLenThen1, label %negativeLenCont

negativeLenThen1:                                 ; preds = %entry
  br label %negativeLenCont

negativeLenCont:                                  ; preds = %negativeLenThen1, %entry
  %0 = call dereferenceable_or_null(24) i8* @calloc(i32 1, i32 24)
  %1 = bitcast i8* %0 to %i32arrarrarr*
  %2 = call dereferenceable_or_null(48) i8* @calloc(i32 2, i32 24)
  %3 = bitcast i8* %2 to %i32arrarr*
  %constructorLoad = load void (%i32arrarrarr*, %i32arrarrarr_Vtable_type*, %i32arrarr*, i32)*, void (%i32arrarrarr*, %i32arrarrarr_Vtable_type*, %i32arrarr*, i32)** getelementptr inbounds (%i32arrarrarr_Vtable_type, %i32arrarrarr_Vtable_type* @i32arrarrarr_Vtable, i64 0, i32 5), align 8
  call void %constructorLoad(%i32arrarrarr* %1, %i32arrarrarr_Vtable_type* nonnull @i32arrarrarr_Vtable, %i32arrarr* %3, i32 2)
  %4 = bitcast %i32arrarrarr** %x3 to i8**
  store i8* %0, i8** %4, align 8
  store i32 0, i32* %i, align 4
  store i32 0, i32* %j, align 4
  br label %loopcond

loopcond:                                         ; preds = %loopend, %negativeLenCont
  %storemerge = phi i32 [ 0, %negativeLenCont ], [ %add37, %loopend ]
  store i32 %storemerge, i32* %i, align 4
  %slt = icmp slt i32 %storemerge, 2
  br i1 %slt, label %loop, label %loopend38

loop:                                             ; preds = %loopcond
  br i1 false, label %negativeLenThen2, label %negativeLenCont3

negativeLenThen2:                                 ; preds = %loop
  br label %negativeLenCont3

negativeLenCont3:                                 ; preds = %negativeLenThen2, %loop
  %5 = call dereferenceable_or_null(24) i8* @calloc(i32 1, i32 24)
  %6 = bitcast i8* %5 to %i32arrarr*
  %7 = call dereferenceable_or_null(120) i8* @calloc(i32 5, i32 24)
  %8 = bitcast i8* %7 to %i32arr*
  %constructorLoad4 = load void (%i32arrarr*, %i32arrarr_Vtable_type*, %i32arr*, i32)*, void (%i32arrarr*, %i32arrarr_Vtable_type*, %i32arr*, i32)** getelementptr inbounds (%i32arrarr_Vtable_type, %i32arrarr_Vtable_type* @i32arrarr_Vtable, i64 0, i32 5), align 8
  call void %constructorLoad4(%i32arrarr* %6, %i32arrarr_Vtable_type* nonnull @i32arrarr_Vtable, %i32arr* %8, i32 5)
  %9 = load i32, i32* %i, align 4
  %10 = load %i32arrarrarr*, %i32arrarrarr** %x3, align 8
  %11 = icmp eq %i32arrarrarr* %10, null
  br i1 %11, label %nullDerefThen5, label %nullDerefElse

nullDerefThen5:                                   ; preds = %negativeLenCont3
  %12 = call i32 (i8*, ...) @printf(i8* noundef nonnull dereferenceable(1) getelementptr inbounds ([29 x i8], [29 x i8]* @nullDerefFormat, i64 0, i64 0), i32 10)
  call void @exit(i32 -1)
  br label %nullDerefElse

nullDerefElse:                                    ; preds = %nullDerefThen5, %negativeLenCont3
  %13 = getelementptr inbounds %i32arrarrarr, %i32arrarrarr* %10, i64 0, i32 1
  %baseArrPtr = load %i32arrarr*, %i32arrarr** %13, align 8
  %14 = load %i32arrarrarr*, %i32arrarrarr** %x3, align 8
  %15 = icmp eq %i32arrarrarr* %14, null
  br i1 %15, label %nullDerefThen6, label %nullDerefElse7

nullDerefThen6:                                   ; preds = %nullDerefElse
  %16 = call i32 (i8*, ...) @printf(i8* noundef nonnull dereferenceable(1) getelementptr inbounds ([29 x i8], [29 x i8]* @nullDerefFormat, i64 0, i64 0), i32 10)
  call void @exit(i32 -1)
  br label %nullDerefElse7

nullDerefElse7:                                   ; preds = %nullDerefThen6, %nullDerefElse
  %17 = getelementptr inbounds %i32arrarrarr, %i32arrarrarr* %14, i64 0, i32 2
  %18 = load i32, i32* %17, align 4
  %.not230 = icmp slt i32 %9, %18
  br i1 %.not230, label %boundsCheckElse, label %boundsCheckThen8

boundsCheckThen8:                                 ; preds = %nullDerefElse7
  %19 = call i32 (i8*, ...) @printf(i8* noundef nonnull dereferenceable(1) getelementptr inbounds ([72 x i8], [72 x i8]* @outOfBoundsFormat, i64 0, i64 0), i32 10, i32 %9, i32 %18)
  call void @exit(i32 -1)
  br label %boundsCheckElse

boundsCheckElse:                                  ; preds = %boundsCheckThen8, %nullDerefElse7
  %20 = sext i32 %9 to i64
  %21 = getelementptr inbounds %i32arrarr, %i32arrarr* %baseArrPtr, i64 %20
  %loadRefTypeBeforeSave = load %i32arrarr, %i32arrarr* %6, align 8
  store %i32arrarr %loadRefTypeBeforeSave, %i32arrarr* %21, align 8
  br label %loopcond9

loopcond9:                                        ; preds = %boundsCheckElse35, %boundsCheckElse
  %storemerge231 = phi i32 [ 0, %boundsCheckElse ], [ %add, %boundsCheckElse35 ]
  store i32 %storemerge231, i32* %j, align 4
  %slt10 = icmp slt i32 %storemerge231, 5
  br i1 %slt10, label %loop11, label %loopend

loop11:                                           ; preds = %loopcond9
  br i1 false, label %negativeLenThen12, label %negativeLenCont13

negativeLenThen12:                                ; preds = %loop11
  br label %negativeLenCont13

negativeLenCont13:                                ; preds = %negativeLenThen12, %loop11
  %22 = call dereferenceable_or_null(24) i8* @calloc(i32 1, i32 24)
  %23 = bitcast i8* %22 to %i32arr*
  %24 = call dereferenceable_or_null(40) i8* @calloc(i32 10, i32 4)
  %25 = bitcast i8* %24 to i32*
  %constructorLoad14 = load void (%i32arr*, %i32arr_Vtable_type*, i32*, i32)*, void (%i32arr*, %i32arr_Vtable_type*, i32*, i32)** getelementptr inbounds (%i32arr_Vtable_type, %i32arr_Vtable_type* @i32arr_Vtable, i64 0, i32 5), align 8
  call void %constructorLoad14(%i32arr* %23, %i32arr_Vtable_type* nonnull @i32arr_Vtable, i32* %25, i32 10)
  %26 = load i32, i32* %j, align 4
  %27 = load i32, i32* %i, align 4
  %28 = load %i32arrarrarr*, %i32arrarrarr** %x3, align 8
  %29 = icmp eq %i32arrarrarr* %28, null
  br i1 %29, label %nullDerefThen15, label %nullDerefElse16

nullDerefThen15:                                  ; preds = %negativeLenCont13
  %30 = call i32 (i8*, ...) @printf(i8* noundef nonnull dereferenceable(1) getelementptr inbounds ([29 x i8], [29 x i8]* @nullDerefFormat, i64 0, i64 0), i32 13)
  call void @exit(i32 -1)
  br label %nullDerefElse16

nullDerefElse16:                                  ; preds = %nullDerefThen15, %negativeLenCont13
  %31 = getelementptr inbounds %i32arrarrarr, %i32arrarrarr* %28, i64 0, i32 1
  %baseArrPtr17 = load %i32arrarr*, %i32arrarr** %31, align 8
  %32 = load %i32arrarrarr*, %i32arrarrarr** %x3, align 8
  %33 = icmp eq %i32arrarrarr* %32, null
  br i1 %33, label %nullDerefThen18, label %nullDerefElse19

nullDerefThen18:                                  ; preds = %nullDerefElse16
  %34 = call i32 (i8*, ...) @printf(i8* noundef nonnull dereferenceable(1) getelementptr inbounds ([29 x i8], [29 x i8]* @nullDerefFormat, i64 0, i64 0), i32 13)
  call void @exit(i32 -1)
  br label %nullDerefElse19

nullDerefElse19:                                  ; preds = %nullDerefThen18, %nullDerefElse16
  %35 = getelementptr inbounds %i32arrarrarr, %i32arrarrarr* %32, i64 0, i32 2
  %36 = load i32, i32* %35, align 4
  %.not232 = icmp slt i32 %27, %36
  br i1 %.not232, label %boundsCheckElse21, label %boundsCheckThen20

boundsCheckThen20:                                ; preds = %nullDerefElse19
  %37 = call i32 (i8*, ...) @printf(i8* noundef nonnull dereferenceable(1) getelementptr inbounds ([72 x i8], [72 x i8]* @outOfBoundsFormat, i64 0, i64 0), i32 13, i32 %27, i32 %36)
  call void @exit(i32 -1)
  br label %boundsCheckElse21

boundsCheckElse21:                                ; preds = %boundsCheckThen20, %nullDerefElse19
  %38 = sext i32 %27 to i64
  %39 = icmp eq %i32arrarr* %baseArrPtr17, null
  br i1 %39, label %nullDerefThen22, label %nullDerefElse23

nullDerefThen22:                                  ; preds = %boundsCheckElse21
  %40 = call i32 (i8*, ...) @printf(i8* noundef nonnull dereferenceable(1) getelementptr inbounds ([29 x i8], [29 x i8]* @nullDerefFormat, i64 0, i64 0), i32 13)
  call void @exit(i32 -1)
  br label %nullDerefElse23

nullDerefElse23:                                  ; preds = %nullDerefThen22, %boundsCheckElse21
  %41 = getelementptr inbounds %i32arrarr, %i32arrarr* %baseArrPtr17, i64 %38, i32 1
  %baseArrPtr24 = load %i32arr*, %i32arr** %41, align 8
  %42 = load i32, i32* %i, align 4
  %43 = load %i32arrarrarr*, %i32arrarrarr** %x3, align 8
  %44 = icmp eq %i32arrarrarr* %43, null
  br i1 %44, label %nullDerefThen25, label %nullDerefElse26

nullDerefThen25:                                  ; preds = %nullDerefElse23
  %45 = call i32 (i8*, ...) @printf(i8* noundef nonnull dereferenceable(1) getelementptr inbounds ([29 x i8], [29 x i8]* @nullDerefFormat, i64 0, i64 0), i32 13)
  call void @exit(i32 -1)
  br label %nullDerefElse26

nullDerefElse26:                                  ; preds = %nullDerefThen25, %nullDerefElse23
  %46 = getelementptr inbounds %i32arrarrarr, %i32arrarrarr* %43, i64 0, i32 1
  %baseArrPtr27 = load %i32arrarr*, %i32arrarr** %46, align 8
  %47 = load %i32arrarrarr*, %i32arrarrarr** %x3, align 8
  %48 = icmp eq %i32arrarrarr* %47, null
  br i1 %48, label %nullDerefThen28, label %nullDerefElse29

nullDerefThen28:                                  ; preds = %nullDerefElse26
  %49 = call i32 (i8*, ...) @printf(i8* noundef nonnull dereferenceable(1) getelementptr inbounds ([29 x i8], [29 x i8]* @nullDerefFormat, i64 0, i64 0), i32 13)
  call void @exit(i32 -1)
  br label %nullDerefElse29

nullDerefElse29:                                  ; preds = %nullDerefThen28, %nullDerefElse26
  %50 = getelementptr inbounds %i32arrarrarr, %i32arrarrarr* %47, i64 0, i32 2
  %51 = load i32, i32* %50, align 4
  %.not233 = icmp slt i32 %42, %51
  br i1 %.not233, label %boundsCheckElse31, label %boundsCheckThen30

boundsCheckThen30:                                ; preds = %nullDerefElse29
  %52 = call i32 (i8*, ...) @printf(i8* noundef nonnull dereferenceable(1) getelementptr inbounds ([72 x i8], [72 x i8]* @outOfBoundsFormat, i64 0, i64 0), i32 13, i32 %42, i32 %51)
  call void @exit(i32 -1)
  br label %boundsCheckElse31

boundsCheckElse31:                                ; preds = %boundsCheckThen30, %nullDerefElse29
  %53 = sext i32 %42 to i64
  %54 = icmp eq %i32arrarr* %baseArrPtr27, null
  br i1 %54, label %nullDerefThen32, label %nullDerefElse33

nullDerefThen32:                                  ; preds = %boundsCheckElse31
  %55 = call i32 (i8*, ...) @printf(i8* noundef nonnull dereferenceable(1) getelementptr inbounds ([29 x i8], [29 x i8]* @nullDerefFormat, i64 0, i64 0), i32 13)
  call void @exit(i32 -1)
  br label %nullDerefElse33

nullDerefElse33:                                  ; preds = %nullDerefThen32, %boundsCheckElse31
  %56 = getelementptr inbounds %i32arrarr, %i32arrarr* %baseArrPtr27, i64 %53, i32 2
  %57 = load i32, i32* %56, align 4
  %.not234 = icmp slt i32 %26, %57
  br i1 %.not234, label %boundsCheckElse35, label %boundsCheckThen34

boundsCheckThen34:                                ; preds = %nullDerefElse33
  %58 = call i32 (i8*, ...) @printf(i8* noundef nonnull dereferenceable(1) getelementptr inbounds ([72 x i8], [72 x i8]* @outOfBoundsFormat, i64 0, i64 0), i32 13, i32 %26, i32 %57)
  call void @exit(i32 -1)
  br label %boundsCheckElse35

boundsCheckElse35:                                ; preds = %boundsCheckThen34, %nullDerefElse33
  %59 = sext i32 %26 to i64
  %60 = getelementptr inbounds %i32arr, %i32arr* %baseArrPtr24, i64 %59
  %loadRefTypeBeforeSave36 = load %i32arr, %i32arr* %23, align 8
  store %i32arr %loadRefTypeBeforeSave36, %i32arr* %60, align 8
  %61 = load i32, i32* %j, align 4
  %add = add i32 %61, 1
  br label %loopcond9

loopend:                                          ; preds = %loopcond9
  %62 = load i32, i32* %i, align 4
  %add37 = add i32 %62, 1
  br label %loopcond

loopend38:                                        ; preds = %loopcond
  %63 = load %i32arrarrarr*, %i32arrarrarr** %x3, align 8
  %64 = icmp eq %i32arrarrarr* %63, null
  br i1 %64, label %nullDerefThen39, label %nullDerefElse40

nullDerefThen39:                                  ; preds = %loopend38
  %65 = call i32 (i8*, ...) @printf(i8* noundef nonnull dereferenceable(1) getelementptr inbounds ([29 x i8], [29 x i8]* @nullDerefFormat, i64 0, i64 0), i32 18)
  call void @exit(i32 -1)
  br label %nullDerefElse40

nullDerefElse40:                                  ; preds = %nullDerefThen39, %loopend38
  %66 = getelementptr inbounds %i32arrarrarr, %i32arrarrarr* %63, i64 0, i32 1
  %baseArrPtr41 = load %i32arrarr*, %i32arrarr** %66, align 8
  %67 = load %i32arrarrarr*, %i32arrarrarr** %x3, align 8
  %68 = icmp eq %i32arrarrarr* %67, null
  br i1 %68, label %nullDerefThen42, label %nullDerefElse43

nullDerefThen42:                                  ; preds = %nullDerefElse40
  %69 = call i32 (i8*, ...) @printf(i8* noundef nonnull dereferenceable(1) getelementptr inbounds ([29 x i8], [29 x i8]* @nullDerefFormat, i64 0, i64 0), i32 18)
  call void @exit(i32 -1)
  br label %nullDerefElse43

nullDerefElse43:                                  ; preds = %nullDerefThen42, %nullDerefElse40
  %70 = getelementptr inbounds %i32arrarrarr, %i32arrarrarr* %67, i64 0, i32 2
  %71 = load i32, i32* %70, align 4
  %72 = icmp slt i32 %71, 2
  br i1 %72, label %boundsCheckThen44, label %boundsCheckElse45

boundsCheckThen44:                                ; preds = %nullDerefElse43
  %73 = call i32 (i8*, ...) @printf(i8* noundef nonnull dereferenceable(1) getelementptr inbounds ([72 x i8], [72 x i8]* @outOfBoundsFormat, i64 0, i64 0), i32 18, i32 1, i32 %71)
  call void @exit(i32 -1)
  br label %boundsCheckElse45

boundsCheckElse45:                                ; preds = %boundsCheckThen44, %nullDerefElse43
  br i1 false, label %nullDerefThen46, label %nullDerefElse47

nullDerefThen46:                                  ; preds = %boundsCheckElse45
  br label %nullDerefElse47

nullDerefElse47:                                  ; preds = %nullDerefThen46, %boundsCheckElse45
  %74 = getelementptr inbounds %i32arrarr, %i32arrarr* %baseArrPtr41, i64 1, i32 1
  %baseArrPtr48 = load %i32arr*, %i32arr** %74, align 8
  %75 = load %i32arrarrarr*, %i32arrarrarr** %x3, align 8
  %76 = icmp eq %i32arrarrarr* %75, null
  br i1 %76, label %nullDerefThen49, label %nullDerefElse50

nullDerefThen49:                                  ; preds = %nullDerefElse47
  %77 = call i32 (i8*, ...) @printf(i8* noundef nonnull dereferenceable(1) getelementptr inbounds ([29 x i8], [29 x i8]* @nullDerefFormat, i64 0, i64 0), i32 18)
  call void @exit(i32 -1)
  br label %nullDerefElse50

nullDerefElse50:                                  ; preds = %nullDerefThen49, %nullDerefElse47
  %78 = getelementptr inbounds %i32arrarrarr, %i32arrarrarr* %75, i64 0, i32 1
  %baseArrPtr51 = load %i32arrarr*, %i32arrarr** %78, align 8
  %79 = load %i32arrarrarr*, %i32arrarrarr** %x3, align 8
  %80 = icmp eq %i32arrarrarr* %79, null
  br i1 %80, label %nullDerefThen52, label %nullDerefElse53

nullDerefThen52:                                  ; preds = %nullDerefElse50
  %81 = call i32 (i8*, ...) @printf(i8* noundef nonnull dereferenceable(1) getelementptr inbounds ([29 x i8], [29 x i8]* @nullDerefFormat, i64 0, i64 0), i32 18)
  call void @exit(i32 -1)
  br label %nullDerefElse53

nullDerefElse53:                                  ; preds = %nullDerefThen52, %nullDerefElse50
  %82 = getelementptr inbounds %i32arrarrarr, %i32arrarrarr* %79, i64 0, i32 2
  %83 = load i32, i32* %82, align 4
  %84 = icmp slt i32 %83, 2
  br i1 %84, label %boundsCheckThen54, label %boundsCheckElse55

boundsCheckThen54:                                ; preds = %nullDerefElse53
  %85 = call i32 (i8*, ...) @printf(i8* noundef nonnull dereferenceable(1) getelementptr inbounds ([72 x i8], [72 x i8]* @outOfBoundsFormat, i64 0, i64 0), i32 18, i32 1, i32 %83)
  call void @exit(i32 -1)
  br label %boundsCheckElse55

boundsCheckElse55:                                ; preds = %boundsCheckThen54, %nullDerefElse53
  br i1 false, label %nullDerefThen56, label %nullDerefElse57

nullDerefThen56:                                  ; preds = %boundsCheckElse55
  br label %nullDerefElse57

nullDerefElse57:                                  ; preds = %nullDerefThen56, %boundsCheckElse55
  %86 = getelementptr inbounds %i32arrarr, %i32arrarr* %baseArrPtr51, i64 1, i32 2
  %87 = load i32, i32* %86, align 4
  %88 = icmp slt i32 %87, 4
  br i1 %88, label %boundsCheckThen58, label %boundsCheckElse59

boundsCheckThen58:                                ; preds = %nullDerefElse57
  %89 = call i32 (i8*, ...) @printf(i8* noundef nonnull dereferenceable(1) getelementptr inbounds ([72 x i8], [72 x i8]* @outOfBoundsFormat, i64 0, i64 0), i32 18, i32 3, i32 %87)
  call void @exit(i32 -1)
  br label %boundsCheckElse59

boundsCheckElse59:                                ; preds = %boundsCheckThen58, %nullDerefElse57
  br i1 false, label %nullDerefThen60, label %nullDerefElse61

nullDerefThen60:                                  ; preds = %boundsCheckElse59
  br label %nullDerefElse61

nullDerefElse61:                                  ; preds = %nullDerefThen60, %boundsCheckElse59
  %90 = getelementptr inbounds %i32arr, %i32arr* %baseArrPtr48, i64 3, i32 1
  %baseArrPtr62 = load i32*, i32** %90, align 8
  %91 = load %i32arrarrarr*, %i32arrarrarr** %x3, align 8
  %92 = icmp eq %i32arrarrarr* %91, null
  br i1 %92, label %nullDerefThen63, label %nullDerefElse64

nullDerefThen63:                                  ; preds = %nullDerefElse61
  %93 = call i32 (i8*, ...) @printf(i8* noundef nonnull dereferenceable(1) getelementptr inbounds ([29 x i8], [29 x i8]* @nullDerefFormat, i64 0, i64 0), i32 18)
  call void @exit(i32 -1)
  br label %nullDerefElse64

nullDerefElse64:                                  ; preds = %nullDerefThen63, %nullDerefElse61
  %94 = getelementptr inbounds %i32arrarrarr, %i32arrarrarr* %91, i64 0, i32 1
  %baseArrPtr65 = load %i32arrarr*, %i32arrarr** %94, align 8
  %95 = load %i32arrarrarr*, %i32arrarrarr** %x3, align 8
  %96 = icmp eq %i32arrarrarr* %95, null
  br i1 %96, label %nullDerefThen66, label %nullDerefElse67

nullDerefThen66:                                  ; preds = %nullDerefElse64
  %97 = call i32 (i8*, ...) @printf(i8* noundef nonnull dereferenceable(1) getelementptr inbounds ([29 x i8], [29 x i8]* @nullDerefFormat, i64 0, i64 0), i32 18)
  call void @exit(i32 -1)
  br label %nullDerefElse67

nullDerefElse67:                                  ; preds = %nullDerefThen66, %nullDerefElse64
  %98 = getelementptr inbounds %i32arrarrarr, %i32arrarrarr* %95, i64 0, i32 2
  %99 = load i32, i32* %98, align 4
  %100 = icmp slt i32 %99, 2
  br i1 %100, label %boundsCheckThen68, label %boundsCheckElse69

boundsCheckThen68:                                ; preds = %nullDerefElse67
  %101 = call i32 (i8*, ...) @printf(i8* noundef nonnull dereferenceable(1) getelementptr inbounds ([72 x i8], [72 x i8]* @outOfBoundsFormat, i64 0, i64 0), i32 18, i32 1, i32 %99)
  call void @exit(i32 -1)
  br label %boundsCheckElse69

boundsCheckElse69:                                ; preds = %boundsCheckThen68, %nullDerefElse67
  br i1 false, label %nullDerefThen70, label %nullDerefElse71

nullDerefThen70:                                  ; preds = %boundsCheckElse69
  br label %nullDerefElse71

nullDerefElse71:                                  ; preds = %nullDerefThen70, %boundsCheckElse69
  %102 = getelementptr inbounds %i32arrarr, %i32arrarr* %baseArrPtr65, i64 1, i32 1
  %baseArrPtr72 = load %i32arr*, %i32arr** %102, align 8
  %103 = load %i32arrarrarr*, %i32arrarrarr** %x3, align 8
  %104 = icmp eq %i32arrarrarr* %103, null
  br i1 %104, label %nullDerefThen73, label %nullDerefElse74

nullDerefThen73:                                  ; preds = %nullDerefElse71
  %105 = call i32 (i8*, ...) @printf(i8* noundef nonnull dereferenceable(1) getelementptr inbounds ([29 x i8], [29 x i8]* @nullDerefFormat, i64 0, i64 0), i32 18)
  call void @exit(i32 -1)
  br label %nullDerefElse74

nullDerefElse74:                                  ; preds = %nullDerefThen73, %nullDerefElse71
  %106 = getelementptr inbounds %i32arrarrarr, %i32arrarrarr* %103, i64 0, i32 1
  %baseArrPtr75 = load %i32arrarr*, %i32arrarr** %106, align 8
  %107 = load %i32arrarrarr*, %i32arrarrarr** %x3, align 8
  %108 = icmp eq %i32arrarrarr* %107, null
  br i1 %108, label %nullDerefThen76, label %nullDerefElse77

nullDerefThen76:                                  ; preds = %nullDerefElse74
  %109 = call i32 (i8*, ...) @printf(i8* noundef nonnull dereferenceable(1) getelementptr inbounds ([29 x i8], [29 x i8]* @nullDerefFormat, i64 0, i64 0), i32 18)
  call void @exit(i32 -1)
  br label %nullDerefElse77

nullDerefElse77:                                  ; preds = %nullDerefThen76, %nullDerefElse74
  %110 = getelementptr inbounds %i32arrarrarr, %i32arrarrarr* %107, i64 0, i32 2
  %111 = load i32, i32* %110, align 4
  %112 = icmp slt i32 %111, 2
  br i1 %112, label %boundsCheckThen78, label %boundsCheckElse79

boundsCheckThen78:                                ; preds = %nullDerefElse77
  %113 = call i32 (i8*, ...) @printf(i8* noundef nonnull dereferenceable(1) getelementptr inbounds ([72 x i8], [72 x i8]* @outOfBoundsFormat, i64 0, i64 0), i32 18, i32 1, i32 %111)
  call void @exit(i32 -1)
  br label %boundsCheckElse79

boundsCheckElse79:                                ; preds = %boundsCheckThen78, %nullDerefElse77
  br i1 false, label %nullDerefThen80, label %nullDerefElse81

nullDerefThen80:                                  ; preds = %boundsCheckElse79
  br label %nullDerefElse81

nullDerefElse81:                                  ; preds = %nullDerefThen80, %boundsCheckElse79
  %114 = getelementptr inbounds %i32arrarr, %i32arrarr* %baseArrPtr75, i64 1, i32 2
  %115 = load i32, i32* %114, align 4
  %116 = icmp slt i32 %115, 4
  br i1 %116, label %boundsCheckThen82, label %boundsCheckElse83

boundsCheckThen82:                                ; preds = %nullDerefElse81
  %117 = call i32 (i8*, ...) @printf(i8* noundef nonnull dereferenceable(1) getelementptr inbounds ([72 x i8], [72 x i8]* @outOfBoundsFormat, i64 0, i64 0), i32 18, i32 3, i32 %115)
  call void @exit(i32 -1)
  br label %boundsCheckElse83

boundsCheckElse83:                                ; preds = %boundsCheckThen82, %nullDerefElse81
  br i1 false, label %nullDerefThen84, label %nullDerefElse85

nullDerefThen84:                                  ; preds = %boundsCheckElse83
  br label %nullDerefElse85

nullDerefElse85:                                  ; preds = %nullDerefThen84, %boundsCheckElse83
  %118 = getelementptr inbounds %i32arr, %i32arr* %baseArrPtr72, i64 3, i32 2
  %119 = load i32, i32* %118, align 4
  %120 = icmp slt i32 %119, 6
  br i1 %120, label %boundsCheckThen86, label %boundsCheckElse87

boundsCheckThen86:                                ; preds = %nullDerefElse85
  %121 = call i32 (i8*, ...) @printf(i8* noundef nonnull dereferenceable(1) getelementptr inbounds ([72 x i8], [72 x i8]* @outOfBoundsFormat, i64 0, i64 0), i32 18, i32 5, i32 %119)
  call void @exit(i32 -1)
  br label %boundsCheckElse87

boundsCheckElse87:                                ; preds = %boundsCheckThen86, %nullDerefElse85
  %122 = getelementptr inbounds i32, i32* %baseArrPtr62, i64 5
  store i32 15, i32* %122, align 4
  %123 = load %i32arrarrarr*, %i32arrarrarr** %x3, align 8
  %124 = icmp eq %i32arrarrarr* %123, null
  br i1 %124, label %nullDerefThen88, label %nullDerefElse89

nullDerefThen88:                                  ; preds = %boundsCheckElse87
  %125 = call i32 (i8*, ...) @printf(i8* noundef nonnull dereferenceable(1) getelementptr inbounds ([29 x i8], [29 x i8]* @nullDerefFormat, i64 0, i64 0), i32 19)
  call void @exit(i32 -1)
  br label %nullDerefElse89

nullDerefElse89:                                  ; preds = %nullDerefThen88, %boundsCheckElse87
  %126 = getelementptr inbounds %i32arrarrarr, %i32arrarrarr* %123, i64 0, i32 1
  %baseArrPtr90 = load %i32arrarr*, %i32arrarr** %126, align 8
  %127 = load %i32arrarrarr*, %i32arrarrarr** %x3, align 8
  %128 = icmp eq %i32arrarrarr* %127, null
  br i1 %128, label %nullDerefThen91, label %nullDerefElse92

nullDerefThen91:                                  ; preds = %nullDerefElse89
  %129 = call i32 (i8*, ...) @printf(i8* noundef nonnull dereferenceable(1) getelementptr inbounds ([29 x i8], [29 x i8]* @nullDerefFormat, i64 0, i64 0), i32 19)
  call void @exit(i32 -1)
  br label %nullDerefElse92

nullDerefElse92:                                  ; preds = %nullDerefThen91, %nullDerefElse89
  %130 = getelementptr inbounds %i32arrarrarr, %i32arrarrarr* %127, i64 0, i32 2
  %131 = load i32, i32* %130, align 4
  %132 = icmp slt i32 %131, 2
  br i1 %132, label %boundsCheckThen93, label %boundsCheckElse94

boundsCheckThen93:                                ; preds = %nullDerefElse92
  %133 = call i32 (i8*, ...) @printf(i8* noundef nonnull dereferenceable(1) getelementptr inbounds ([72 x i8], [72 x i8]* @outOfBoundsFormat, i64 0, i64 0), i32 19, i32 1, i32 %131)
  call void @exit(i32 -1)
  br label %boundsCheckElse94

boundsCheckElse94:                                ; preds = %boundsCheckThen93, %nullDerefElse92
  br i1 false, label %nullDerefThen95, label %nullDerefElse96

nullDerefThen95:                                  ; preds = %boundsCheckElse94
  br label %nullDerefElse96

nullDerefElse96:                                  ; preds = %nullDerefThen95, %boundsCheckElse94
  %134 = getelementptr inbounds %i32arrarr, %i32arrarr* %baseArrPtr90, i64 1, i32 1
  %baseArrPtr97 = load %i32arr*, %i32arr** %134, align 8
  %135 = load %i32arrarrarr*, %i32arrarrarr** %x3, align 8
  %136 = icmp eq %i32arrarrarr* %135, null
  br i1 %136, label %nullDerefThen98, label %nullDerefElse99

nullDerefThen98:                                  ; preds = %nullDerefElse96
  %137 = call i32 (i8*, ...) @printf(i8* noundef nonnull dereferenceable(1) getelementptr inbounds ([29 x i8], [29 x i8]* @nullDerefFormat, i64 0, i64 0), i32 19)
  call void @exit(i32 -1)
  br label %nullDerefElse99

nullDerefElse99:                                  ; preds = %nullDerefThen98, %nullDerefElse96
  %138 = getelementptr inbounds %i32arrarrarr, %i32arrarrarr* %135, i64 0, i32 1
  %baseArrPtr100 = load %i32arrarr*, %i32arrarr** %138, align 8
  %139 = load %i32arrarrarr*, %i32arrarrarr** %x3, align 8
  %140 = icmp eq %i32arrarrarr* %139, null
  br i1 %140, label %nullDerefThen101, label %nullDerefElse102

nullDerefThen101:                                 ; preds = %nullDerefElse99
  %141 = call i32 (i8*, ...) @printf(i8* noundef nonnull dereferenceable(1) getelementptr inbounds ([29 x i8], [29 x i8]* @nullDerefFormat, i64 0, i64 0), i32 19)
  call void @exit(i32 -1)
  br label %nullDerefElse102

nullDerefElse102:                                 ; preds = %nullDerefThen101, %nullDerefElse99
  %142 = getelementptr inbounds %i32arrarrarr, %i32arrarrarr* %139, i64 0, i32 2
  %143 = load i32, i32* %142, align 4
  %144 = icmp slt i32 %143, 2
  br i1 %144, label %boundsCheckThen103, label %boundsCheckElse104

boundsCheckThen103:                               ; preds = %nullDerefElse102
  %145 = call i32 (i8*, ...) @printf(i8* noundef nonnull dereferenceable(1) getelementptr inbounds ([72 x i8], [72 x i8]* @outOfBoundsFormat, i64 0, i64 0), i32 19, i32 1, i32 %143)
  call void @exit(i32 -1)
  br label %boundsCheckElse104

boundsCheckElse104:                               ; preds = %boundsCheckThen103, %nullDerefElse102
  br i1 false, label %nullDerefThen105, label %nullDerefElse106

nullDerefThen105:                                 ; preds = %boundsCheckElse104
  br label %nullDerefElse106

nullDerefElse106:                                 ; preds = %nullDerefThen105, %boundsCheckElse104
  %146 = getelementptr inbounds %i32arrarr, %i32arrarr* %baseArrPtr100, i64 1, i32 2
  %147 = load i32, i32* %146, align 4
  %148 = icmp slt i32 %147, 4
  br i1 %148, label %boundsCheckThen107, label %boundsCheckElse108

boundsCheckThen107:                               ; preds = %nullDerefElse106
  %149 = call i32 (i8*, ...) @printf(i8* noundef nonnull dereferenceable(1) getelementptr inbounds ([72 x i8], [72 x i8]* @outOfBoundsFormat, i64 0, i64 0), i32 19, i32 3, i32 %147)
  call void @exit(i32 -1)
  br label %boundsCheckElse108

boundsCheckElse108:                               ; preds = %boundsCheckThen107, %nullDerefElse106
  br i1 false, label %nullDerefThen109, label %nullDerefElse110

nullDerefThen109:                                 ; preds = %boundsCheckElse108
  br label %nullDerefElse110

nullDerefElse110:                                 ; preds = %nullDerefThen109, %boundsCheckElse108
  %150 = getelementptr inbounds %i32arr, %i32arr* %baseArrPtr97, i64 3, i32 1
  %baseArrPtr111 = load i32*, i32** %150, align 8
  %151 = load %i32arrarrarr*, %i32arrarrarr** %x3, align 8
  %152 = icmp eq %i32arrarrarr* %151, null
  br i1 %152, label %nullDerefThen112, label %nullDerefElse113

nullDerefThen112:                                 ; preds = %nullDerefElse110
  %153 = call i32 (i8*, ...) @printf(i8* noundef nonnull dereferenceable(1) getelementptr inbounds ([29 x i8], [29 x i8]* @nullDerefFormat, i64 0, i64 0), i32 19)
  call void @exit(i32 -1)
  br label %nullDerefElse113

nullDerefElse113:                                 ; preds = %nullDerefThen112, %nullDerefElse110
  %154 = getelementptr inbounds %i32arrarrarr, %i32arrarrarr* %151, i64 0, i32 1
  %baseArrPtr114 = load %i32arrarr*, %i32arrarr** %154, align 8
  %155 = load %i32arrarrarr*, %i32arrarrarr** %x3, align 8
  %156 = icmp eq %i32arrarrarr* %155, null
  br i1 %156, label %nullDerefThen115, label %nullDerefElse116

nullDerefThen115:                                 ; preds = %nullDerefElse113
  %157 = call i32 (i8*, ...) @printf(i8* noundef nonnull dereferenceable(1) getelementptr inbounds ([29 x i8], [29 x i8]* @nullDerefFormat, i64 0, i64 0), i32 19)
  call void @exit(i32 -1)
  br label %nullDerefElse116

nullDerefElse116:                                 ; preds = %nullDerefThen115, %nullDerefElse113
  %158 = getelementptr inbounds %i32arrarrarr, %i32arrarrarr* %155, i64 0, i32 2
  %159 = load i32, i32* %158, align 4
  %160 = icmp slt i32 %159, 2
  br i1 %160, label %boundsCheckThen117, label %boundsCheckElse118

boundsCheckThen117:                               ; preds = %nullDerefElse116
  %161 = call i32 (i8*, ...) @printf(i8* noundef nonnull dereferenceable(1) getelementptr inbounds ([72 x i8], [72 x i8]* @outOfBoundsFormat, i64 0, i64 0), i32 19, i32 1, i32 %159)
  call void @exit(i32 -1)
  br label %boundsCheckElse118

boundsCheckElse118:                               ; preds = %boundsCheckThen117, %nullDerefElse116
  br i1 false, label %nullDerefThen119, label %nullDerefElse120

nullDerefThen119:                                 ; preds = %boundsCheckElse118
  br label %nullDerefElse120

nullDerefElse120:                                 ; preds = %nullDerefThen119, %boundsCheckElse118
  %162 = getelementptr inbounds %i32arrarr, %i32arrarr* %baseArrPtr114, i64 1, i32 1
  %baseArrPtr121 = load %i32arr*, %i32arr** %162, align 8
  %163 = load %i32arrarrarr*, %i32arrarrarr** %x3, align 8
  %164 = icmp eq %i32arrarrarr* %163, null
  br i1 %164, label %nullDerefThen122, label %nullDerefElse123

nullDerefThen122:                                 ; preds = %nullDerefElse120
  %165 = call i32 (i8*, ...) @printf(i8* noundef nonnull dereferenceable(1) getelementptr inbounds ([29 x i8], [29 x i8]* @nullDerefFormat, i64 0, i64 0), i32 19)
  call void @exit(i32 -1)
  br label %nullDerefElse123

nullDerefElse123:                                 ; preds = %nullDerefThen122, %nullDerefElse120
  %166 = getelementptr inbounds %i32arrarrarr, %i32arrarrarr* %163, i64 0, i32 1
  %baseArrPtr124 = load %i32arrarr*, %i32arrarr** %166, align 8
  %167 = load %i32arrarrarr*, %i32arrarrarr** %x3, align 8
  %168 = icmp eq %i32arrarrarr* %167, null
  br i1 %168, label %nullDerefThen125, label %nullDerefElse126

nullDerefThen125:                                 ; preds = %nullDerefElse123
  %169 = call i32 (i8*, ...) @printf(i8* noundef nonnull dereferenceable(1) getelementptr inbounds ([29 x i8], [29 x i8]* @nullDerefFormat, i64 0, i64 0), i32 19)
  call void @exit(i32 -1)
  br label %nullDerefElse126

nullDerefElse126:                                 ; preds = %nullDerefThen125, %nullDerefElse123
  %170 = getelementptr inbounds %i32arrarrarr, %i32arrarrarr* %167, i64 0, i32 2
  %171 = load i32, i32* %170, align 4
  %172 = icmp slt i32 %171, 2
  br i1 %172, label %boundsCheckThen127, label %boundsCheckElse128

boundsCheckThen127:                               ; preds = %nullDerefElse126
  %173 = call i32 (i8*, ...) @printf(i8* noundef nonnull dereferenceable(1) getelementptr inbounds ([72 x i8], [72 x i8]* @outOfBoundsFormat, i64 0, i64 0), i32 19, i32 1, i32 %171)
  call void @exit(i32 -1)
  br label %boundsCheckElse128

boundsCheckElse128:                               ; preds = %boundsCheckThen127, %nullDerefElse126
  br i1 false, label %nullDerefThen129, label %nullDerefElse130

nullDerefThen129:                                 ; preds = %boundsCheckElse128
  br label %nullDerefElse130

nullDerefElse130:                                 ; preds = %nullDerefThen129, %boundsCheckElse128
  %174 = getelementptr inbounds %i32arrarr, %i32arrarr* %baseArrPtr124, i64 1, i32 2
  %175 = load i32, i32* %174, align 4
  %176 = icmp slt i32 %175, 4
  br i1 %176, label %boundsCheckThen131, label %boundsCheckElse132

boundsCheckThen131:                               ; preds = %nullDerefElse130
  %177 = call i32 (i8*, ...) @printf(i8* noundef nonnull dereferenceable(1) getelementptr inbounds ([72 x i8], [72 x i8]* @outOfBoundsFormat, i64 0, i64 0), i32 19, i32 3, i32 %175)
  call void @exit(i32 -1)
  br label %boundsCheckElse132

boundsCheckElse132:                               ; preds = %boundsCheckThen131, %nullDerefElse130
  br i1 false, label %nullDerefThen133, label %nullDerefElse134

nullDerefThen133:                                 ; preds = %boundsCheckElse132
  br label %nullDerefElse134

nullDerefElse134:                                 ; preds = %nullDerefThen133, %boundsCheckElse132
  %178 = getelementptr inbounds %i32arr, %i32arr* %baseArrPtr121, i64 3, i32 2
  %179 = load i32, i32* %178, align 4
  %180 = icmp slt i32 %179, 6
  br i1 %180, label %boundsCheckThen135, label %boundsCheckElse136

boundsCheckThen135:                               ; preds = %nullDerefElse134
  %181 = call i32 (i8*, ...) @printf(i8* noundef nonnull dereferenceable(1) getelementptr inbounds ([72 x i8], [72 x i8]* @outOfBoundsFormat, i64 0, i64 0), i32 19, i32 5, i32 %179)
  call void @exit(i32 -1)
  br label %boundsCheckElse136

boundsCheckElse136:                               ; preds = %boundsCheckThen135, %nullDerefElse134
  %182 = getelementptr inbounds i32, i32* %baseArrPtr111, i64 5
  %183 = load i32, i32* %182, align 4
  %184 = call i32 (i8*, ...) @printf(i8* noundef nonnull dereferenceable(1) getelementptr inbounds ([4 x i8], [4 x i8]* @printIntFormat, i64 0, i64 0), i32 %183)
  %185 = bitcast %i32arrarrarr** %x3 to %Objectarr**
  %186 = load %Objectarr*, %Objectarr** %185, align 8
  store %Objectarr* %186, %Objectarr** %o, align 8
  br i1 false, label %negativeLenThen137, label %negativeLenCont138

negativeLenThen137:                               ; preds = %boundsCheckElse136
  br label %negativeLenCont138

negativeLenCont138:                               ; preds = %negativeLenThen137, %boundsCheckElse136
  %187 = call dereferenceable_or_null(24) i8* @calloc(i32 1, i32 24)
  %188 = bitcast i8* %187 to %i32arrarr*
  %189 = call dereferenceable_or_null(144) i8* @calloc(i32 6, i32 24)
  %190 = bitcast i8* %189 to %i32arr*
  %constructorLoad139 = load void (%i32arrarr*, %i32arrarr_Vtable_type*, %i32arr*, i32)*, void (%i32arrarr*, %i32arrarr_Vtable_type*, %i32arr*, i32)** getelementptr inbounds (%i32arrarr_Vtable_type, %i32arrarr_Vtable_type* @i32arrarr_Vtable, i64 0, i32 5), align 8
  call void %constructorLoad139(%i32arrarr* %188, %i32arrarr_Vtable_type* nonnull @i32arrarr_Vtable, %i32arr* %190, i32 6)
  %191 = bitcast %i32arrarr** %x2 to i8**
  store i8* %187, i8** %191, align 8
  %192 = load %Objectarr*, %Objectarr** %o, align 8
  %193 = icmp eq %Objectarr* %192, null
  br i1 %193, label %nullDerefThen140, label %nullDerefElse141

nullDerefThen140:                                 ; preds = %negativeLenCont138
  %194 = call i32 (i8*, ...) @printf(i8* noundef nonnull dereferenceable(1) getelementptr inbounds ([29 x i8], [29 x i8]* @nullDerefFormat, i64 0, i64 0), i32 22)
  call void @exit(i32 -1)
  br label %nullDerefElse141

nullDerefElse141:                                 ; preds = %nullDerefThen140, %negativeLenCont138
  %195 = getelementptr inbounds %Objectarr, %Objectarr* %192, i64 0, i32 1
  %baseArrPtr142 = load %Object**, %Object*** %195, align 8
  %196 = load %Objectarr*, %Objectarr** %o, align 8
  %197 = icmp eq %Objectarr* %196, null
  br i1 %197, label %nullDerefThen143, label %nullDerefElse144

nullDerefThen143:                                 ; preds = %nullDerefElse141
  %198 = call i32 (i8*, ...) @printf(i8* noundef nonnull dereferenceable(1) getelementptr inbounds ([29 x i8], [29 x i8]* @nullDerefFormat, i64 0, i64 0), i32 22)
  call void @exit(i32 -1)
  br label %nullDerefElse144

nullDerefElse144:                                 ; preds = %nullDerefThen143, %nullDerefElse141
  %199 = getelementptr inbounds %Objectarr, %Objectarr* %196, i64 0, i32 2
  %200 = load i32, i32* %199, align 4
  %201 = icmp slt i32 %200, 2
  br i1 %201, label %boundsCheckThen145, label %boundsCheckElse146

boundsCheckThen145:                               ; preds = %nullDerefElse144
  %202 = call i32 (i8*, ...) @printf(i8* noundef nonnull dereferenceable(1) getelementptr inbounds ([72 x i8], [72 x i8]* @outOfBoundsFormat, i64 0, i64 0), i32 22, i32 1, i32 %200)
  call void @exit(i32 -1)
  br label %boundsCheckElse146

boundsCheckElse146:                               ; preds = %boundsCheckThen145, %nullDerefElse144
  %203 = getelementptr inbounds %Object*, %Object** %baseArrPtr142, i64 1
  %204 = bitcast %Object** %203 to i8**
  store i8* %187, i8** %204, align 8
  br label %loopcond147

loopcond147:                                      ; preds = %boundsCheckElse159, %boundsCheckElse146
  %storemerge229 = phi i32 [ 0, %boundsCheckElse146 ], [ %add161, %boundsCheckElse159 ]
  store i32 %storemerge229, i32* %j, align 4
  %slt148 = icmp slt i32 %storemerge229, 6
  br i1 %slt148, label %loop149, label %loopend162

loop149:                                          ; preds = %loopcond147
  br i1 false, label %negativeLenThen150, label %negativeLenCont151

negativeLenThen150:                               ; preds = %loop149
  br label %negativeLenCont151

negativeLenCont151:                               ; preds = %negativeLenThen150, %loop149
  %205 = call dereferenceable_or_null(24) i8* @calloc(i32 1, i32 24)
  %206 = bitcast i8* %205 to %i32arr*
  %207 = call dereferenceable_or_null(36) i8* @calloc(i32 9, i32 4)
  %208 = bitcast i8* %207 to i32*
  %constructorLoad152 = load void (%i32arr*, %i32arr_Vtable_type*, i32*, i32)*, void (%i32arr*, %i32arr_Vtable_type*, i32*, i32)** getelementptr inbounds (%i32arr_Vtable_type, %i32arr_Vtable_type* @i32arr_Vtable, i64 0, i32 5), align 8
  call void %constructorLoad152(%i32arr* %206, %i32arr_Vtable_type* nonnull @i32arr_Vtable, i32* %208, i32 9)
  %209 = load i32, i32* %j, align 4
  %210 = load %i32arrarr*, %i32arrarr** %x2, align 8
  %211 = icmp eq %i32arrarr* %210, null
  br i1 %211, label %nullDerefThen153, label %nullDerefElse154

nullDerefThen153:                                 ; preds = %negativeLenCont151
  %212 = call i32 (i8*, ...) @printf(i8* noundef nonnull dereferenceable(1) getelementptr inbounds ([29 x i8], [29 x i8]* @nullDerefFormat, i64 0, i64 0), i32 25)
  call void @exit(i32 -1)
  br label %nullDerefElse154

nullDerefElse154:                                 ; preds = %nullDerefThen153, %negativeLenCont151
  %213 = getelementptr inbounds %i32arrarr, %i32arrarr* %210, i64 0, i32 1
  %baseArrPtr155 = load %i32arr*, %i32arr** %213, align 8
  %214 = load %i32arrarr*, %i32arrarr** %x2, align 8
  %215 = icmp eq %i32arrarr* %214, null
  br i1 %215, label %nullDerefThen156, label %nullDerefElse157

nullDerefThen156:                                 ; preds = %nullDerefElse154
  %216 = call i32 (i8*, ...) @printf(i8* noundef nonnull dereferenceable(1) getelementptr inbounds ([29 x i8], [29 x i8]* @nullDerefFormat, i64 0, i64 0), i32 25)
  call void @exit(i32 -1)
  br label %nullDerefElse157

nullDerefElse157:                                 ; preds = %nullDerefThen156, %nullDerefElse154
  %217 = getelementptr inbounds %i32arrarr, %i32arrarr* %214, i64 0, i32 2
  %218 = load i32, i32* %217, align 4
  %.not = icmp slt i32 %209, %218
  br i1 %.not, label %boundsCheckElse159, label %boundsCheckThen158

boundsCheckThen158:                               ; preds = %nullDerefElse157
  %219 = call i32 (i8*, ...) @printf(i8* noundef nonnull dereferenceable(1) getelementptr inbounds ([72 x i8], [72 x i8]* @outOfBoundsFormat, i64 0, i64 0), i32 25, i32 %209, i32 %218)
  call void @exit(i32 -1)
  br label %boundsCheckElse159

boundsCheckElse159:                               ; preds = %boundsCheckThen158, %nullDerefElse157
  %220 = sext i32 %209 to i64
  %221 = getelementptr inbounds %i32arr, %i32arr* %baseArrPtr155, i64 %220
  %loadRefTypeBeforeSave160 = load %i32arr, %i32arr* %206, align 8
  store %i32arr %loadRefTypeBeforeSave160, %i32arr* %221, align 8
  %222 = load i32, i32* %j, align 4
  %add161 = add i32 %222, 1
  br label %loopcond147

loopend162:                                       ; preds = %loopcond147
  %223 = bitcast %i32arrarr** %x2 to %Object**
  %224 = load %Object*, %Object** %223, align 8
  %225 = load %Objectarr*, %Objectarr** %o, align 8
  %226 = icmp eq %Objectarr* %225, null
  br i1 %226, label %nullDerefThen163, label %nullDerefElse164

nullDerefThen163:                                 ; preds = %loopend162
  %227 = call i32 (i8*, ...) @printf(i8* noundef nonnull dereferenceable(1) getelementptr inbounds ([29 x i8], [29 x i8]* @nullDerefFormat, i64 0, i64 0), i32 28)
  call void @exit(i32 -1)
  br label %nullDerefElse164

nullDerefElse164:                                 ; preds = %nullDerefThen163, %loopend162
  %228 = getelementptr inbounds %Objectarr, %Objectarr* %225, i64 0, i32 1
  %baseArrPtr165 = load %Object**, %Object*** %228, align 8
  %229 = load %Objectarr*, %Objectarr** %o, align 8
  %230 = icmp eq %Objectarr* %229, null
  br i1 %230, label %nullDerefThen166, label %nullDerefElse167

nullDerefThen166:                                 ; preds = %nullDerefElse164
  %231 = call i32 (i8*, ...) @printf(i8* noundef nonnull dereferenceable(1) getelementptr inbounds ([29 x i8], [29 x i8]* @nullDerefFormat, i64 0, i64 0), i32 28)
  call void @exit(i32 -1)
  br label %nullDerefElse167

nullDerefElse167:                                 ; preds = %nullDerefThen166, %nullDerefElse164
  %232 = getelementptr inbounds %Objectarr, %Objectarr* %229, i64 0, i32 2
  %233 = load i32, i32* %232, align 4
  %234 = icmp slt i32 %233, 2
  br i1 %234, label %boundsCheckThen168, label %boundsCheckElse169

boundsCheckThen168:                               ; preds = %nullDerefElse167
  %235 = call i32 (i8*, ...) @printf(i8* noundef nonnull dereferenceable(1) getelementptr inbounds ([72 x i8], [72 x i8]* @outOfBoundsFormat, i64 0, i64 0), i32 28, i32 1, i32 %233)
  call void @exit(i32 -1)
  br label %boundsCheckElse169

boundsCheckElse169:                               ; preds = %boundsCheckThen168, %nullDerefElse167
  %236 = getelementptr inbounds %Object*, %Object** %baseArrPtr165, i64 1
  store %Object* %224, %Object** %236, align 8
  %237 = load %i32arrarrarr*, %i32arrarrarr** %x3, align 8
  %238 = icmp eq %i32arrarrarr* %237, null
  br i1 %238, label %nullDerefThen170, label %nullDerefElse171

nullDerefThen170:                                 ; preds = %boundsCheckElse169
  %239 = call i32 (i8*, ...) @printf(i8* noundef nonnull dereferenceable(1) getelementptr inbounds ([29 x i8], [29 x i8]* @nullDerefFormat, i64 0, i64 0), i32 29)
  call void @exit(i32 -1)
  br label %nullDerefElse171

nullDerefElse171:                                 ; preds = %nullDerefThen170, %boundsCheckElse169
  %240 = getelementptr inbounds %i32arrarrarr, %i32arrarrarr* %237, i64 0, i32 1
  %baseArrPtr172 = load %i32arrarr*, %i32arrarr** %240, align 8
  %241 = load %i32arrarrarr*, %i32arrarrarr** %x3, align 8
  %242 = icmp eq %i32arrarrarr* %241, null
  br i1 %242, label %nullDerefThen173, label %nullDerefElse174

nullDerefThen173:                                 ; preds = %nullDerefElse171
  %243 = call i32 (i8*, ...) @printf(i8* noundef nonnull dereferenceable(1) getelementptr inbounds ([29 x i8], [29 x i8]* @nullDerefFormat, i64 0, i64 0), i32 29)
  call void @exit(i32 -1)
  br label %nullDerefElse174

nullDerefElse174:                                 ; preds = %nullDerefThen173, %nullDerefElse171
  %244 = getelementptr inbounds %i32arrarrarr, %i32arrarrarr* %241, i64 0, i32 2
  %245 = load i32, i32* %244, align 4
  %246 = icmp slt i32 %245, 2
  br i1 %246, label %boundsCheckThen175, label %boundsCheckElse176

boundsCheckThen175:                               ; preds = %nullDerefElse174
  %247 = call i32 (i8*, ...) @printf(i8* noundef nonnull dereferenceable(1) getelementptr inbounds ([72 x i8], [72 x i8]* @outOfBoundsFormat, i64 0, i64 0), i32 29, i32 1, i32 %245)
  call void @exit(i32 -1)
  br label %boundsCheckElse176

boundsCheckElse176:                               ; preds = %boundsCheckThen175, %nullDerefElse174
  br i1 false, label %nullDerefThen177, label %nullDerefElse178

nullDerefThen177:                                 ; preds = %boundsCheckElse176
  br label %nullDerefElse178

nullDerefElse178:                                 ; preds = %nullDerefThen177, %boundsCheckElse176
  %248 = getelementptr inbounds %i32arrarr, %i32arrarr* %baseArrPtr172, i64 1, i32 1
  %baseArrPtr179 = load %i32arr*, %i32arr** %248, align 8
  %249 = load %i32arrarrarr*, %i32arrarrarr** %x3, align 8
  %250 = icmp eq %i32arrarrarr* %249, null
  br i1 %250, label %nullDerefThen180, label %nullDerefElse181

nullDerefThen180:                                 ; preds = %nullDerefElse178
  %251 = call i32 (i8*, ...) @printf(i8* noundef nonnull dereferenceable(1) getelementptr inbounds ([29 x i8], [29 x i8]* @nullDerefFormat, i64 0, i64 0), i32 29)
  call void @exit(i32 -1)
  br label %nullDerefElse181

nullDerefElse181:                                 ; preds = %nullDerefThen180, %nullDerefElse178
  %252 = getelementptr inbounds %i32arrarrarr, %i32arrarrarr* %249, i64 0, i32 1
  %baseArrPtr182 = load %i32arrarr*, %i32arrarr** %252, align 8
  %253 = load %i32arrarrarr*, %i32arrarrarr** %x3, align 8
  %254 = icmp eq %i32arrarrarr* %253, null
  br i1 %254, label %nullDerefThen183, label %nullDerefElse184

nullDerefThen183:                                 ; preds = %nullDerefElse181
  %255 = call i32 (i8*, ...) @printf(i8* noundef nonnull dereferenceable(1) getelementptr inbounds ([29 x i8], [29 x i8]* @nullDerefFormat, i64 0, i64 0), i32 29)
  call void @exit(i32 -1)
  br label %nullDerefElse184

nullDerefElse184:                                 ; preds = %nullDerefThen183, %nullDerefElse181
  %256 = getelementptr inbounds %i32arrarrarr, %i32arrarrarr* %253, i64 0, i32 2
  %257 = load i32, i32* %256, align 4
  %258 = icmp slt i32 %257, 2
  br i1 %258, label %boundsCheckThen185, label %boundsCheckElse186

boundsCheckThen185:                               ; preds = %nullDerefElse184
  %259 = call i32 (i8*, ...) @printf(i8* noundef nonnull dereferenceable(1) getelementptr inbounds ([72 x i8], [72 x i8]* @outOfBoundsFormat, i64 0, i64 0), i32 29, i32 1, i32 %257)
  call void @exit(i32 -1)
  br label %boundsCheckElse186

boundsCheckElse186:                               ; preds = %boundsCheckThen185, %nullDerefElse184
  br i1 false, label %nullDerefThen187, label %nullDerefElse188

nullDerefThen187:                                 ; preds = %boundsCheckElse186
  br label %nullDerefElse188

nullDerefElse188:                                 ; preds = %nullDerefThen187, %boundsCheckElse186
  %260 = getelementptr inbounds %i32arrarr, %i32arrarr* %baseArrPtr182, i64 1, i32 2
  %261 = load i32, i32* %260, align 4
  %262 = icmp slt i32 %261, 4
  br i1 %262, label %boundsCheckThen189, label %boundsCheckElse190

boundsCheckThen189:                               ; preds = %nullDerefElse188
  %263 = call i32 (i8*, ...) @printf(i8* noundef nonnull dereferenceable(1) getelementptr inbounds ([72 x i8], [72 x i8]* @outOfBoundsFormat, i64 0, i64 0), i32 29, i32 3, i32 %261)
  call void @exit(i32 -1)
  br label %boundsCheckElse190

boundsCheckElse190:                               ; preds = %boundsCheckThen189, %nullDerefElse188
  br i1 false, label %nullDerefThen191, label %nullDerefElse192

nullDerefThen191:                                 ; preds = %boundsCheckElse190
  br label %nullDerefElse192

nullDerefElse192:                                 ; preds = %nullDerefThen191, %boundsCheckElse190
  %264 = getelementptr inbounds %i32arr, %i32arr* %baseArrPtr179, i64 3, i32 1
  %baseArrPtr193 = load i32*, i32** %264, align 8
  %265 = load %i32arrarrarr*, %i32arrarrarr** %x3, align 8
  %266 = icmp eq %i32arrarrarr* %265, null
  br i1 %266, label %nullDerefThen194, label %nullDerefElse195

nullDerefThen194:                                 ; preds = %nullDerefElse192
  %267 = call i32 (i8*, ...) @printf(i8* noundef nonnull dereferenceable(1) getelementptr inbounds ([29 x i8], [29 x i8]* @nullDerefFormat, i64 0, i64 0), i32 29)
  call void @exit(i32 -1)
  br label %nullDerefElse195

nullDerefElse195:                                 ; preds = %nullDerefThen194, %nullDerefElse192
  %268 = getelementptr inbounds %i32arrarrarr, %i32arrarrarr* %265, i64 0, i32 1
  %baseArrPtr196 = load %i32arrarr*, %i32arrarr** %268, align 8
  %269 = load %i32arrarrarr*, %i32arrarrarr** %x3, align 8
  %270 = icmp eq %i32arrarrarr* %269, null
  br i1 %270, label %nullDerefThen197, label %nullDerefElse198

nullDerefThen197:                                 ; preds = %nullDerefElse195
  %271 = call i32 (i8*, ...) @printf(i8* noundef nonnull dereferenceable(1) getelementptr inbounds ([29 x i8], [29 x i8]* @nullDerefFormat, i64 0, i64 0), i32 29)
  call void @exit(i32 -1)
  br label %nullDerefElse198

nullDerefElse198:                                 ; preds = %nullDerefThen197, %nullDerefElse195
  %272 = getelementptr inbounds %i32arrarrarr, %i32arrarrarr* %269, i64 0, i32 2
  %273 = load i32, i32* %272, align 4
  %274 = icmp slt i32 %273, 2
  br i1 %274, label %boundsCheckThen199, label %boundsCheckElse200

boundsCheckThen199:                               ; preds = %nullDerefElse198
  %275 = call i32 (i8*, ...) @printf(i8* noundef nonnull dereferenceable(1) getelementptr inbounds ([72 x i8], [72 x i8]* @outOfBoundsFormat, i64 0, i64 0), i32 29, i32 1, i32 %273)
  call void @exit(i32 -1)
  br label %boundsCheckElse200

boundsCheckElse200:                               ; preds = %boundsCheckThen199, %nullDerefElse198
  br i1 false, label %nullDerefThen201, label %nullDerefElse202

nullDerefThen201:                                 ; preds = %boundsCheckElse200
  br label %nullDerefElse202

nullDerefElse202:                                 ; preds = %nullDerefThen201, %boundsCheckElse200
  %276 = getelementptr inbounds %i32arrarr, %i32arrarr* %baseArrPtr196, i64 1, i32 1
  %baseArrPtr203 = load %i32arr*, %i32arr** %276, align 8
  %277 = load %i32arrarrarr*, %i32arrarrarr** %x3, align 8
  %278 = icmp eq %i32arrarrarr* %277, null
  br i1 %278, label %nullDerefThen204, label %nullDerefElse205

nullDerefThen204:                                 ; preds = %nullDerefElse202
  %279 = call i32 (i8*, ...) @printf(i8* noundef nonnull dereferenceable(1) getelementptr inbounds ([29 x i8], [29 x i8]* @nullDerefFormat, i64 0, i64 0), i32 29)
  call void @exit(i32 -1)
  br label %nullDerefElse205

nullDerefElse205:                                 ; preds = %nullDerefThen204, %nullDerefElse202
  %280 = getelementptr inbounds %i32arrarrarr, %i32arrarrarr* %277, i64 0, i32 1
  %baseArrPtr206 = load %i32arrarr*, %i32arrarr** %280, align 8
  %281 = load %i32arrarrarr*, %i32arrarrarr** %x3, align 8
  %282 = icmp eq %i32arrarrarr* %281, null
  br i1 %282, label %nullDerefThen207, label %nullDerefElse208

nullDerefThen207:                                 ; preds = %nullDerefElse205
  %283 = call i32 (i8*, ...) @printf(i8* noundef nonnull dereferenceable(1) getelementptr inbounds ([29 x i8], [29 x i8]* @nullDerefFormat, i64 0, i64 0), i32 29)
  call void @exit(i32 -1)
  br label %nullDerefElse208

nullDerefElse208:                                 ; preds = %nullDerefThen207, %nullDerefElse205
  %284 = getelementptr inbounds %i32arrarrarr, %i32arrarrarr* %281, i64 0, i32 2
  %285 = load i32, i32* %284, align 4
  %286 = icmp slt i32 %285, 2
  br i1 %286, label %boundsCheckThen209, label %boundsCheckElse210

boundsCheckThen209:                               ; preds = %nullDerefElse208
  %287 = call i32 (i8*, ...) @printf(i8* noundef nonnull dereferenceable(1) getelementptr inbounds ([72 x i8], [72 x i8]* @outOfBoundsFormat, i64 0, i64 0), i32 29, i32 1, i32 %285)
  call void @exit(i32 -1)
  br label %boundsCheckElse210

boundsCheckElse210:                               ; preds = %boundsCheckThen209, %nullDerefElse208
  br i1 false, label %nullDerefThen211, label %nullDerefElse212

nullDerefThen211:                                 ; preds = %boundsCheckElse210
  br label %nullDerefElse212

nullDerefElse212:                                 ; preds = %nullDerefThen211, %boundsCheckElse210
  %288 = getelementptr inbounds %i32arrarr, %i32arrarr* %baseArrPtr206, i64 1, i32 2
  %289 = load i32, i32* %288, align 4
  %290 = icmp slt i32 %289, 4
  br i1 %290, label %boundsCheckThen213, label %boundsCheckElse214

boundsCheckThen213:                               ; preds = %nullDerefElse212
  %291 = call i32 (i8*, ...) @printf(i8* noundef nonnull dereferenceable(1) getelementptr inbounds ([72 x i8], [72 x i8]* @outOfBoundsFormat, i64 0, i64 0), i32 29, i32 3, i32 %289)
  call void @exit(i32 -1)
  br label %boundsCheckElse214

boundsCheckElse214:                               ; preds = %boundsCheckThen213, %nullDerefElse212
  br i1 false, label %nullDerefThen215, label %nullDerefElse216

nullDerefThen215:                                 ; preds = %boundsCheckElse214
  br label %nullDerefElse216

nullDerefElse216:                                 ; preds = %nullDerefThen215, %boundsCheckElse214
  %292 = getelementptr inbounds %i32arr, %i32arr* %baseArrPtr203, i64 3, i32 2
  %293 = load i32, i32* %292, align 4
  %294 = icmp slt i32 %293, 6
  br i1 %294, label %boundsCheckThen217, label %boundsCheckElse218

boundsCheckThen217:                               ; preds = %nullDerefElse216
  %295 = call i32 (i8*, ...) @printf(i8* noundef nonnull dereferenceable(1) getelementptr inbounds ([72 x i8], [72 x i8]* @outOfBoundsFormat, i64 0, i64 0), i32 29, i32 5, i32 %293)
  call void @exit(i32 -1)
  br label %boundsCheckElse218

boundsCheckElse218:                               ; preds = %boundsCheckThen217, %nullDerefElse216
  %296 = getelementptr inbounds i32, i32* %baseArrPtr193, i64 5
  %297 = load i32, i32* %296, align 4
  %298 = call i32 (i8*, ...) @printf(i8* noundef nonnull dereferenceable(1) getelementptr inbounds ([4 x i8], [4 x i8]* @printIntFormat, i64 0, i64 0), i32 %297)
  br i1 false, label %negativeLenThen219, label %negativeLenCont220

negativeLenThen219:                               ; preds = %boundsCheckElse218
  br label %negativeLenCont220

negativeLenCont220:                               ; preds = %negativeLenThen219, %boundsCheckElse218
  %299 = call dereferenceable_or_null(24) i8* @calloc(i32 1, i32 24)
  %300 = bitcast i8* %299 to %i32arr*
  %301 = call dereferenceable_or_null(12) i8* @calloc(i32 3, i32 4)
  %302 = bitcast i8* %301 to i32*
  %constructorLoad221 = load void (%i32arr*, %i32arr_Vtable_type*, i32*, i32)*, void (%i32arr*, %i32arr_Vtable_type*, i32*, i32)** getelementptr inbounds (%i32arr_Vtable_type, %i32arr_Vtable_type* @i32arr_Vtable, i64 0, i32 5), align 8
  call void %constructorLoad221(%i32arr* %300, %i32arr_Vtable_type* nonnull @i32arr_Vtable, i32* %302, i32 3)
  %303 = load %Objectarr*, %Objectarr** %o, align 8
  %304 = icmp eq %Objectarr* %303, null
  br i1 %304, label %nullDerefThen222, label %nullDerefElse223

nullDerefThen222:                                 ; preds = %negativeLenCont220
  %305 = call i32 (i8*, ...) @printf(i8* noundef nonnull dereferenceable(1) getelementptr inbounds ([29 x i8], [29 x i8]* @nullDerefFormat, i64 0, i64 0), i32 30)
  call void @exit(i32 -1)
  br label %nullDerefElse223

nullDerefElse223:                                 ; preds = %nullDerefThen222, %negativeLenCont220
  %306 = getelementptr inbounds %Objectarr, %Objectarr* %303, i64 0, i32 1
  %baseArrPtr224 = load %Object**, %Object*** %306, align 8
  %307 = load %Objectarr*, %Objectarr** %o, align 8
  %308 = icmp eq %Objectarr* %307, null
  br i1 %308, label %nullDerefThen225, label %nullDerefElse226

nullDerefThen225:                                 ; preds = %nullDerefElse223
  %309 = call i32 (i8*, ...) @printf(i8* noundef nonnull dereferenceable(1) getelementptr inbounds ([29 x i8], [29 x i8]* @nullDerefFormat, i64 0, i64 0), i32 30)
  call void @exit(i32 -1)
  br label %nullDerefElse226

nullDerefElse226:                                 ; preds = %nullDerefThen225, %nullDerefElse223
  %310 = getelementptr inbounds %Objectarr, %Objectarr* %307, i64 0, i32 2
  %311 = load i32, i32* %310, align 4
  %312 = icmp slt i32 %311, 2
  br i1 %312, label %boundsCheckThen227, label %boundsCheckElse228

boundsCheckThen227:                               ; preds = %nullDerefElse226
  %313 = call i32 (i8*, ...) @printf(i8* noundef nonnull dereferenceable(1) getelementptr inbounds ([72 x i8], [72 x i8]* @outOfBoundsFormat, i64 0, i64 0), i32 30, i32 1, i32 %311)
  call void @exit(i32 -1)
  br label %boundsCheckElse228

boundsCheckElse228:                               ; preds = %boundsCheckThen227, %nullDerefElse226
  %314 = getelementptr inbounds %Object*, %Object** %baseArrPtr224, i64 1
  %315 = bitcast %Object** %314 to i8**
  store i8* %299, i8** %315, align 8
  ret i32 0
}
