; ModuleID = 'Module'
source_filename = "Module"
target triple = "aarch64-unknown-linux-gnu"

%i32arr_Vtable_type = type { %Object_Vtable_type*, i8*, void (%Object*)*, void (%Object*)*, void (%i32arr*)*, void (%i32arr*, %i32arr_Vtable_type*, i32*, i32)* }
%Object_Vtable_type = type { %Object_Vtable_type*, i8*, void (%Object*)*, void (%Object*)* }
%Object = type { %Object_Vtable_type* }
%i32arr = type { %i32arr_Vtable_type*, i32*, i32 }
%i32arrarr_Vtable_type = type { %Object_Vtable_type*, i8*, void (%Object*)*, void (%Object*)*, void (%i32arrarr*)*, void (%i32arrarr*, %i32arrarr_Vtable_type*, %i32arr*, i32)* }
%i32arrarr = type { %i32arrarr_Vtable_type*, %i32arr*, i32 }

@printIntFormat = private constant [4 x i8] c"%d\0A\00", align 1
@castErrFormat = private constant [52 x i8] c"Line no: %d | Narrow cast err: %s is not a type %s\0A\00", align 1
@outOfBoundsFormat = private constant [72 x i8] c"Line: %d | Array out of bounds exception at line. Index:%d | Length:%d\0A\00", align 1
@negativeLenFormat = private constant [62 x i8] c"Line: %d | Array len cannot be negative. Length attempted:%d\0A\00", align 1
@nullDerefFormat = private constant [29 x i8] c"Line: %d | Null dereference\0A\00", align 1
@divByZeroFormat = private constant [37 x i8] c"Line: %d | Divide by zero exception\0A\00", align 1
@i32arr_class_name = private constant [7 x i8] c"i32arr\00", align 1
@i32arr_Vtable = global %i32arr_Vtable_type { %Object_Vtable_type* null, i8* getelementptr inbounds ([7 x i8], [7 x i8]* @i32arr_class_name, i32 0, i32 0), void (%Object*)* @"~Object_Object", void (%Object*)* @Object_Object, void (%i32arr*)* @"~i32arr_i32arr", void (%i32arr*, %i32arr_Vtable_type*, i32*, i32)* @i32arr_Constructor }
@i32arrarr_class_name = private constant [10 x i8] c"i32arrarr\00", align 1
@i32arrarr_Vtable = global %i32arrarr_Vtable_type { %Object_Vtable_type* null, i8* getelementptr inbounds ([10 x i8], [10 x i8]* @i32arrarr_class_name, i32 0, i32 0), void (%Object*)* @"~Object_Object", void (%Object*)* @Object_Object, void (%i32arrarr*)* @"~i32arrarr_i32arrarr", void (%i32arrarr*, %i32arrarr_Vtable_type*, %i32arr*, i32)* @i32arrarr_Constructor }
@Object_class_name = private constant [7 x i8] c"Object\00", align 1
@Object_Vtable = global %Object_Vtable_type { %Object_Vtable_type* null, i8* getelementptr inbounds ([7 x i8], [7 x i8]* @Object_class_name, i32 0, i32 0), void (%Object*)* @"~Object_Object", void (%Object*)* @Object_Object }

declare i32 @printf(i8*, ...)

declare i8* @malloc(i32)

declare i8* @calloc(i32, i32)

declare void @free(i8*)

declare void @exit(i32)

define i1 @Object_IsA(%Object* %0, %Object_Vtable_type* %1, i8* %2) {
entry:
  %object = alloca %Object*, align 8
  store %Object* %0, %Object** %object, align 8
  %vtbl = alloca %Object_Vtable_type*, align 8
  store %Object_Vtable_type* %1, %Object_Vtable_type** %vtbl, align 8
  %name = alloca i8*, align 8
  store i8* %2, i8** %name, align 8
  %3 = load %Object*, %Object** %object, align 8
  %4 = ptrtoint %Object* %3 to i64
  %equal = icmp eq i64 %4, 0
  %not = xor i1 %equal, true
  br i1 %not, label %then, label %else12

then:                                             ; preds = %entry
  %5 = load %Object*, %Object** %object, align 8
  %6 = icmp eq %Object* %5, null
  br i1 %6, label %nullDerefThen1, label %nullDerefElse

nullDerefThen1:                                   ; preds = %then
  %7 = call i32 (i8*, ...) @printf(i8* getelementptr inbounds ([29 x i8], [29 x i8]* @nullDerefFormat, i32 0, i32 0), i32 0)
  call void @exit(i32 -1)
  br label %nullDerefElse

nullDerefElse:                                    ; preds = %nullDerefThen1, %then
  %8 = getelementptr inbounds %Object, %Object* %5, i32 0, i32 0
  %9 = load %Object_Vtable_type*, %Object_Vtable_type** %8, align 8
  store %Object_Vtable_type* %9, %Object_Vtable_type** %vtbl, align 8
  br label %loopcond

loopcond:                                         ; preds = %ifcont, %nullDerefElse
  %10 = load %Object_Vtable_type*, %Object_Vtable_type** %vtbl, align 8
  %11 = ptrtoint %Object_Vtable_type* %10 to i64
  %equal2 = icmp eq i64 %11, 0
  %not3 = xor i1 %equal2, true
  br i1 %not3, label %loop, label %loopend

loop:                                             ; preds = %loopcond
  %12 = load %Object_Vtable_type*, %Object_Vtable_type** %vtbl, align 8
  %13 = icmp eq %Object_Vtable_type* %12, null
  br i1 %13, label %nullDerefThen4, label %nullDerefElse5

nullDerefThen4:                                   ; preds = %loop
  %14 = call i32 (i8*, ...) @printf(i8* getelementptr inbounds ([29 x i8], [29 x i8]* @nullDerefFormat, i32 0, i32 0), i32 0)
  call void @exit(i32 -1)
  br label %nullDerefElse5

nullDerefElse5:                                   ; preds = %nullDerefThen4, %loop
  %15 = getelementptr inbounds %Object_Vtable_type, %Object_Vtable_type* %12, i32 0, i32 1
  %16 = load i8*, i8** %15, align 8
  %17 = load i8*, i8** %name, align 8
  %18 = ptrtoint i8* %16 to i64
  %19 = ptrtoint i8* %17 to i64
  %equal6 = icmp eq i64 %18, %19
  br i1 %equal6, label %then7, label %else

then7:                                            ; preds = %nullDerefElse5
  br label %loopend

else:                                             ; preds = %nullDerefElse5
  %20 = load %Object_Vtable_type*, %Object_Vtable_type** %vtbl, align 8
  %21 = icmp eq %Object_Vtable_type* %20, null
  br i1 %21, label %nullDerefThen8, label %nullDerefElse9

nullDerefThen8:                                   ; preds = %else
  %22 = call i32 (i8*, ...) @printf(i8* getelementptr inbounds ([29 x i8], [29 x i8]* @nullDerefFormat, i32 0, i32 0), i32 0)
  call void @exit(i32 -1)
  br label %nullDerefElse9

nullDerefElse9:                                   ; preds = %nullDerefThen8, %else
  %23 = getelementptr inbounds %Object_Vtable_type, %Object_Vtable_type* %20, i32 0, i32 0
  %24 = load %Object_Vtable_type*, %Object_Vtable_type** %23, align 8
  store %Object_Vtable_type* %24, %Object_Vtable_type** %vtbl, align 8
  br label %ifcont

ifcont:                                           ; preds = %nullDerefElse9
  br label %loopcond

loopend:                                          ; preds = %then7, %loopcond
  %25 = load %Object_Vtable_type*, %Object_Vtable_type** %vtbl, align 8
  %26 = ptrtoint %Object_Vtable_type* %25 to i64
  %equal10 = icmp eq i64 %26, 0
  %not11 = xor i1 %equal10, true
  br label %ifcont13

else12:                                           ; preds = %entry
  br label %ifcont13

ifcont13:                                         ; preds = %else12, %loopend
  %iftmp = phi i1 [ %not11, %loopend ], [ false, %else12 ]
  ret i1 %iftmp
}

define void @i32arr_Constructor(%i32arr* %0, %i32arr_Vtable_type* %1, i32* %2, i32 %3) {
entry:
  %this = alloca %i32arr*, align 8
  %super = alloca %i32arr*, align 8
  store %i32arr* %0, %i32arr** %super, align 8
  store %i32arr* %0, %i32arr** %this, align 8
  %vtable = alloca %i32arr_Vtable_type*, align 8
  store %i32arr_Vtable_type* %1, %i32arr_Vtable_type** %vtable, align 8
  %data = alloca i32*, align 8
  store i32* %2, i32** %data, align 8
  %length = alloca i32, align 4
  store i32 %3, i32* %length, align 4
  %4 = load %i32arr_Vtable_type*, %i32arr_Vtable_type** %vtable, align 8
  %5 = load %i32arr*, %i32arr** %this, align 8
  %6 = icmp eq %i32arr* %5, null
  br i1 %6, label %nullDerefThen1, label %nullDerefElse

nullDerefThen1:                                   ; preds = %entry
  %7 = call i32 (i8*, ...) @printf(i8* getelementptr inbounds ([29 x i8], [29 x i8]* @nullDerefFormat, i32 0, i32 0), i32 0)
  call void @exit(i32 -1)
  br label %nullDerefElse

nullDerefElse:                                    ; preds = %nullDerefThen1, %entry
  %8 = getelementptr inbounds %i32arr, %i32arr* %5, i32 0, i32 0
  store %i32arr_Vtable_type* %4, %i32arr_Vtable_type** %8, align 8
  %9 = load i32*, i32** %data, align 8
  %10 = load %i32arr*, %i32arr** %this, align 8
  %11 = icmp eq %i32arr* %10, null
  br i1 %11, label %nullDerefThen2, label %nullDerefElse3

nullDerefThen2:                                   ; preds = %nullDerefElse
  %12 = call i32 (i8*, ...) @printf(i8* getelementptr inbounds ([29 x i8], [29 x i8]* @nullDerefFormat, i32 0, i32 0), i32 0)
  call void @exit(i32 -1)
  br label %nullDerefElse3

nullDerefElse3:                                   ; preds = %nullDerefThen2, %nullDerefElse
  %13 = getelementptr inbounds %i32arr, %i32arr* %10, i32 0, i32 1
  store i32* %9, i32** %13, align 8
  %14 = load i32, i32* %length, align 4
  %15 = load %i32arr*, %i32arr** %this, align 8
  %16 = icmp eq %i32arr* %15, null
  br i1 %16, label %nullDerefThen4, label %nullDerefElse5

nullDerefThen4:                                   ; preds = %nullDerefElse3
  %17 = call i32 (i8*, ...) @printf(i8* getelementptr inbounds ([29 x i8], [29 x i8]* @nullDerefFormat, i32 0, i32 0), i32 0)
  call void @exit(i32 -1)
  br label %nullDerefElse5

nullDerefElse5:                                   ; preds = %nullDerefThen4, %nullDerefElse3
  %18 = getelementptr inbounds %i32arr, %i32arr* %15, i32 0, i32 2
  store i32 %14, i32* %18, align 4
  ret void
}

define void @"~i32arr_i32arr"(%i32arr* %0) {
entry:
  %this = alloca %i32arr*, align 8
  %super = alloca %i32arr*, align 8
  store %i32arr* %0, %i32arr** %super, align 8
  store %i32arr* %0, %i32arr** %this, align 8
  %1 = load %i32arr*, %i32arr** %this, align 8
  %2 = icmp eq %i32arr* %1, null
  br i1 %2, label %nullDerefThen1, label %nullDerefElse

nullDerefThen1:                                   ; preds = %entry
  %3 = call i32 (i8*, ...) @printf(i8* getelementptr inbounds ([29 x i8], [29 x i8]* @nullDerefFormat, i32 0, i32 0), i32 0)
  call void @exit(i32 -1)
  br label %nullDerefElse

nullDerefElse:                                    ; preds = %nullDerefThen1, %entry
  %4 = getelementptr inbounds %i32arr, %i32arr* %1, i32 0, i32 1
  %5 = load i32*, i32** %4, align 8
  %6 = bitcast i32* %5 to i8*
  call void @free(i8* %6)
  ret void
}

define void @i32arrarr_Constructor(%i32arrarr* %0, %i32arrarr_Vtable_type* %1, %i32arr* %2, i32 %3) {
entry:
  %this = alloca %i32arrarr*, align 8
  %super = alloca %i32arrarr*, align 8
  store %i32arrarr* %0, %i32arrarr** %super, align 8
  store %i32arrarr* %0, %i32arrarr** %this, align 8
  %vtable = alloca %i32arrarr_Vtable_type*, align 8
  store %i32arrarr_Vtable_type* %1, %i32arrarr_Vtable_type** %vtable, align 8
  %data = alloca %i32arr*, align 8
  store %i32arr* %2, %i32arr** %data, align 8
  %length = alloca i32, align 4
  store i32 %3, i32* %length, align 4
  %4 = load %i32arrarr_Vtable_type*, %i32arrarr_Vtable_type** %vtable, align 8
  %5 = load %i32arrarr*, %i32arrarr** %this, align 8
  %6 = icmp eq %i32arrarr* %5, null
  br i1 %6, label %nullDerefThen1, label %nullDerefElse

nullDerefThen1:                                   ; preds = %entry
  %7 = call i32 (i8*, ...) @printf(i8* getelementptr inbounds ([29 x i8], [29 x i8]* @nullDerefFormat, i32 0, i32 0), i32 0)
  call void @exit(i32 -1)
  br label %nullDerefElse

nullDerefElse:                                    ; preds = %nullDerefThen1, %entry
  %8 = getelementptr inbounds %i32arrarr, %i32arrarr* %5, i32 0, i32 0
  store %i32arrarr_Vtable_type* %4, %i32arrarr_Vtable_type** %8, align 8
  %9 = load %i32arr*, %i32arr** %data, align 8
  %10 = load %i32arrarr*, %i32arrarr** %this, align 8
  %11 = icmp eq %i32arrarr* %10, null
  br i1 %11, label %nullDerefThen2, label %nullDerefElse3

nullDerefThen2:                                   ; preds = %nullDerefElse
  %12 = call i32 (i8*, ...) @printf(i8* getelementptr inbounds ([29 x i8], [29 x i8]* @nullDerefFormat, i32 0, i32 0), i32 0)
  call void @exit(i32 -1)
  br label %nullDerefElse3

nullDerefElse3:                                   ; preds = %nullDerefThen2, %nullDerefElse
  %13 = getelementptr inbounds %i32arrarr, %i32arrarr* %10, i32 0, i32 1
  store %i32arr* %9, %i32arr** %13, align 8
  %14 = load i32, i32* %length, align 4
  %15 = load %i32arrarr*, %i32arrarr** %this, align 8
  %16 = icmp eq %i32arrarr* %15, null
  br i1 %16, label %nullDerefThen4, label %nullDerefElse5

nullDerefThen4:                                   ; preds = %nullDerefElse3
  %17 = call i32 (i8*, ...) @printf(i8* getelementptr inbounds ([29 x i8], [29 x i8]* @nullDerefFormat, i32 0, i32 0), i32 0)
  call void @exit(i32 -1)
  br label %nullDerefElse5

nullDerefElse5:                                   ; preds = %nullDerefThen4, %nullDerefElse3
  %18 = getelementptr inbounds %i32arrarr, %i32arrarr* %15, i32 0, i32 2
  store i32 %14, i32* %18, align 4
  ret void
}

define void @"~i32arrarr_i32arrarr"(%i32arrarr* %0) {
entry:
  %this = alloca %i32arrarr*, align 8
  %super = alloca %i32arrarr*, align 8
  store %i32arrarr* %0, %i32arrarr** %super, align 8
  store %i32arrarr* %0, %i32arrarr** %this, align 8
  %1 = load %i32arrarr*, %i32arrarr** %this, align 8
  %2 = icmp eq %i32arrarr* %1, null
  br i1 %2, label %nullDerefThen1, label %nullDerefElse

nullDerefThen1:                                   ; preds = %entry
  %3 = call i32 (i8*, ...) @printf(i8* getelementptr inbounds ([29 x i8], [29 x i8]* @nullDerefFormat, i32 0, i32 0), i32 0)
  call void @exit(i32 -1)
  br label %nullDerefElse

nullDerefElse:                                    ; preds = %nullDerefThen1, %entry
  %4 = getelementptr inbounds %i32arrarr, %i32arrarr* %1, i32 0, i32 1
  %5 = load %i32arr*, %i32arr** %4, align 8
  %6 = bitcast %i32arr* %5 to i8*
  call void @free(i8* %6)
  ret void
}

define void @"~Object_Object"(%Object* %0) {
entry:
  %this = alloca %Object*, align 8
  %super = alloca %Object*, align 8
  store %Object* %0, %Object** %super, align 8
  store %Object* %0, %Object** %this, align 8
  ret void
}

define void @Object_Object(%Object* %0) {
entry:
  %this = alloca %Object*, align 8
  %super = alloca %Object*, align 8
  store %Object* %0, %Object** %super, align 8
  store %Object* %0, %Object** %this, align 8
  ret void
}

define i32 @main() {
entry:
  %x = alloca %i32arr*, align 8
  store %i32arr* null, %i32arr** %x, align 8
  br i1 false, label %negativeLenThen1, label %negativeLenCont

negativeLenThen1:                                 ; preds = %entry
  br label %negativeLenCont

negativeLenCont:                                  ; preds = %negativeLenThen1, %entry
  %0 = call dereferenceable_or_null(24) i8* @calloc(i32 1, i32 24)
  %1 = bitcast i8* %0 to %i32arr*
  %2 = call dereferenceable_or_null(168) i8* @calloc(i32 42, i32 4)
  %3 = bitcast i8* %2 to i32*
  %constructorLoad = load void (%i32arr*, %i32arr_Vtable_type*, i32*, i32)*, void (%i32arr*, %i32arr_Vtable_type*, i32*, i32)** getelementptr inbounds (%i32arr_Vtable_type, %i32arr_Vtable_type* @i32arr_Vtable, i64 0, i32 5), align 8
  call void %constructorLoad(%i32arr* %1, %i32arr_Vtable_type* nonnull @i32arr_Vtable, i32* %3, i32 42)
  %4 = bitcast %i32arr** %x to i8**
  store i8* %0, i8** %4, align 8
  %.cast = bitcast i8* %0 to %i32arr*
  %5 = icmp eq i8* %0, null
  br i1 %5, label %nullDerefThen2, label %nullDerefElse

nullDerefThen2:                                   ; preds = %negativeLenCont
  %6 = call i32 (i8*, ...) @printf(i8* noundef nonnull dereferenceable(1) getelementptr inbounds ([29 x i8], [29 x i8]* @nullDerefFormat, i64 0, i64 0), i32 5)
  call void @exit(i32 -1)
  br label %nullDerefElse

nullDerefElse:                                    ; preds = %nullDerefThen2, %negativeLenCont
  %7 = getelementptr inbounds %i32arr, %i32arr* %.cast, i64 0, i32 2
  %8 = load i32, i32* %7, align 4
  %9 = call i32 (i8*, ...) @printf(i8* noundef nonnull dereferenceable(1) getelementptr inbounds ([4 x i8], [4 x i8]* @printIntFormat, i64 0, i64 0), i32 %8)
  br i1 false, label %negativeLenThen3, label %negativeLenCont4

negativeLenThen3:                                 ; preds = %nullDerefElse
  br label %negativeLenCont4

negativeLenCont4:                                 ; preds = %negativeLenThen3, %nullDerefElse
  %10 = call dereferenceable_or_null(24) i8* @calloc(i32 1, i32 24)
  %11 = bitcast i8* %10 to %i32arr*
  %12 = call dereferenceable_or_null(48) i8* @calloc(i32 12, i32 4)
  %13 = bitcast i8* %12 to i32*
  %constructorLoad5 = load void (%i32arr*, %i32arr_Vtable_type*, i32*, i32)*, void (%i32arr*, %i32arr_Vtable_type*, i32*, i32)** getelementptr inbounds (%i32arr_Vtable_type, %i32arr_Vtable_type* @i32arr_Vtable, i64 0, i32 5), align 8
  call void %constructorLoad5(%i32arr* %11, %i32arr_Vtable_type* nonnull @i32arr_Vtable, i32* %13, i32 12)
  %14 = bitcast %i32arr** %x to i8**
  store i8* %10, i8** %14, align 8
  %.cast17 = bitcast i8* %10 to %i32arr*
  %15 = icmp eq i8* %10, null
  br i1 %15, label %nullDerefThen6, label %nullDerefElse7

nullDerefThen6:                                   ; preds = %negativeLenCont4
  %16 = call i32 (i8*, ...) @printf(i8* noundef nonnull dereferenceable(1) getelementptr inbounds ([29 x i8], [29 x i8]* @nullDerefFormat, i64 0, i64 0), i32 7)
  call void @exit(i32 -1)
  br label %nullDerefElse7

nullDerefElse7:                                   ; preds = %nullDerefThen6, %negativeLenCont4
  %17 = getelementptr inbounds %i32arr, %i32arr* %.cast17, i64 0, i32 2
  %18 = load i32, i32* %17, align 4
  %add = add i32 %18, 30
  %19 = call i32 (i8*, ...) @printf(i8* noundef nonnull dereferenceable(1) getelementptr inbounds ([4 x i8], [4 x i8]* @printIntFormat, i64 0, i64 0), i32 %add)
  br i1 false, label %negativeLenThen8, label %negativeLenCont9

negativeLenThen8:                                 ; preds = %nullDerefElse7
  br label %negativeLenCont9

negativeLenCont9:                                 ; preds = %negativeLenThen8, %nullDerefElse7
  %20 = call dereferenceable_or_null(24) i8* @calloc(i32 1, i32 24)
  %21 = bitcast i8* %20 to %i32arrarr*
  %22 = call dereferenceable_or_null(408) i8* @calloc(i32 17, i32 24)
  %23 = bitcast i8* %22 to %i32arr*
  %constructorLoad10 = load void (%i32arrarr*, %i32arrarr_Vtable_type*, %i32arr*, i32)*, void (%i32arrarr*, %i32arrarr_Vtable_type*, %i32arr*, i32)** getelementptr inbounds (%i32arrarr_Vtable_type, %i32arrarr_Vtable_type* @i32arrarr_Vtable, i64 0, i32 5), align 8
  call void %constructorLoad10(%i32arrarr* %21, %i32arrarr_Vtable_type* nonnull @i32arrarr_Vtable, %i32arr* %23, i32 17)
  %.cast18 = bitcast i8* %20 to %i32arrarr*
  %24 = icmp eq i8* %20, null
  br i1 %24, label %nullDerefThen11, label %nullDerefElse12

nullDerefThen11:                                  ; preds = %negativeLenCont9
  %25 = call i32 (i8*, ...) @printf(i8* noundef nonnull dereferenceable(1) getelementptr inbounds ([29 x i8], [29 x i8]* @nullDerefFormat, i64 0, i64 0), i32 10)
  call void @exit(i32 -1)
  br label %nullDerefElse12

nullDerefElse12:                                  ; preds = %nullDerefThen11, %negativeLenCont9
  %26 = getelementptr inbounds %i32arrarr, %i32arrarr* %.cast18, i64 0, i32 2
  %27 = load i32, i32* %26, align 4
  %28 = load %i32arr*, %i32arr** %x, align 8
  %29 = icmp eq %i32arr* %28, null
  br i1 %29, label %nullDerefThen13, label %nullDerefElse14

nullDerefThen13:                                  ; preds = %nullDerefElse12
  %30 = call i32 (i8*, ...) @printf(i8* noundef nonnull dereferenceable(1) getelementptr inbounds ([29 x i8], [29 x i8]* @nullDerefFormat, i64 0, i64 0), i32 10)
  call void @exit(i32 -1)
  br label %nullDerefElse14

nullDerefElse14:                                  ; preds = %nullDerefThen13, %nullDerefElse12
  %31 = getelementptr inbounds %i32arr, %i32arr* %28, i64 0, i32 2
  %32 = load i32, i32* %31, align 4
  %add15 = add i32 %27, %32
  %add16 = add i32 %add15, 13
  %33 = call i32 (i8*, ...) @printf(i8* noundef nonnull dereferenceable(1) getelementptr inbounds ([4 x i8], [4 x i8]* @printIntFormat, i64 0, i64 0), i32 %add16)
  ret i32 0
}
